###############################################################################
#
# IAR ELF Linker V7.20.1.7305/W32 for ARM                 18/Jul/2018  11:02:31
# Copyright 2007-2014 IAR Systems AB.
#
#    Output file  =  
#        E:\Johnson Project\Vulcan\Software\Vulcan\Debug\Exe\Vulcan.out.tmp
#    Map file     =  
#        E:\Johnson Project\Vulcan\Software\Vulcan\Debug/List\Vulcan.map
#    Command line =  
#        "E:\Johnson Project\Vulcan\Software\Vulcan\Debug\Obj\Beep.o"
#        "E:\Johnson Project\Vulcan\Software\Vulcan\Debug\Obj\Boot.o"
#        "E:\Johnson Project\Vulcan\Software\Vulcan\Debug\Obj\Boot_it.o"
#        "E:\Johnson
#        Project\Vulcan\Software\Vulcan\Debug\Obj\Boot_startup_stm32f205xx.o"
#        "E:\Johnson Project\Vulcan\Software\Vulcan\Debug\Obj\Bootflash.o"
#        "E:\Johnson Project\Vulcan\Software\Vulcan\Debug\Obj\C_safe_v5.o"
#        "E:\Johnson Project\Vulcan\Software\Vulcan\Debug\Obj\common.o"
#        "E:\Johnson Project\Vulcan\Software\Vulcan\Debug\Obj\Console.o"
#        "E:\Johnson Project\Vulcan\Software\Vulcan\Debug\Obj\CRC.o"
#        "E:\Johnson Project\Vulcan\Software\Vulcan\Debug\Obj\Digital.o"
#        "E:\Johnson Project\Vulcan\Software\Vulcan\Debug\Obj\EEPRom.o"
#        "E:\Johnson
#        Project\Vulcan\Software\Vulcan\Debug\Obj\EEPROM_Langauge.o"
#        "E:\Johnson Project\Vulcan\Software\Vulcan\Debug\Obj\EngineerMode.o"
#        "E:\Johnson Project\Vulcan\Software\Vulcan\Debug\Obj\fat.o"
#        "E:\Johnson Project\Vulcan\Software\Vulcan\Debug\Obj\fat_lfn.o"
#        "E:\Johnson Project\Vulcan\Software\Vulcan\Debug\Obj\fat_m.o"
#        "E:\Johnson Project\Vulcan\Software\Vulcan\Debug\Obj\Formula.o"
#        "E:\Johnson Project\Vulcan\Software\Vulcan\Debug\Obj\heart.o"
#        "E:\Johnson Project\Vulcan\Software\Vulcan\Debug\Obj\HRM8700.o"
#        "E:\Johnson Project\Vulcan\Software\Vulcan\Debug\Obj\HT1381.o"
#        "E:\Johnson Project\Vulcan\Software\Vulcan\Debug\Obj\i2c_key.o"
#        "E:\Johnson Project\Vulcan\Software\Vulcan\Debug\Obj\keyboard.o"
#        "E:\Johnson Project\Vulcan\Software\Vulcan\Debug\Obj\KeyFunction.o"
#        "E:\Johnson Project\Vulcan\Software\Vulcan\Debug\Obj\LCB_Support.o"
#        "E:\Johnson Project\Vulcan\Software\Vulcan\Debug\Obj\led.o"
#        "E:\Johnson Project\Vulcan\Software\Vulcan\Debug\Obj\main.o"
#        "E:\Johnson Project\Vulcan\Software\Vulcan\Debug\Obj\manual_init.o"
#        "E:\Johnson Project\Vulcan\Software\Vulcan\Debug\Obj\mst.o"
#        "E:\Johnson Project\Vulcan\Software\Vulcan\Debug\Obj\Mx25L1606E.o"
#        "E:\Johnson Project\Vulcan\Software\Vulcan\Debug\Obj\os_nrtos.o"
#        "E:\Johnson Project\Vulcan\Software\Vulcan\Debug\Obj\PingDefine.o"
#        "E:\Johnson Project\Vulcan\Software\Vulcan\Debug\Obj\pmgr.o"
#        "E:\Johnson Project\Vulcan\Software\Vulcan\Debug\Obj\port_f.o"
#        "E:\Johnson Project\Vulcan\Software\Vulcan\Debug\Obj\RF900.o"
#        "E:\Johnson Project\Vulcan\Software\Vulcan\Debug\Obj\scsi.o"
#        "E:\Johnson Project\Vulcan\Software\Vulcan\Debug\Obj\Show.o"
#        "E:\Johnson Project\Vulcan\Software\Vulcan\Debug\Obj\Show_Functions.o"
#        "E:\Johnson Project\Vulcan\Software\Vulcan\Debug\Obj\stm32f2xx_hal.o"
#        "E:\Johnson
#        Project\Vulcan\Software\Vulcan\Debug\Obj\stm32f2xx_hal_adc.o"
#        "E:\Johnson
#        Project\Vulcan\Software\Vulcan\Debug\Obj\stm32f2xx_hal_adc_ex.o"
#        "E:\Johnson
#        Project\Vulcan\Software\Vulcan\Debug\Obj\stm32f2xx_hal_cortex.o"
#        "E:\Johnson
#        Project\Vulcan\Software\Vulcan\Debug\Obj\stm32f2xx_hal_flash.o"
#        "E:\Johnson
#        Project\Vulcan\Software\Vulcan\Debug\Obj\stm32f2xx_hal_flash_ex.o"
#        "E:\Johnson
#        Project\Vulcan\Software\Vulcan\Debug\Obj\stm32f2xx_hal_gpio.o"
#        "E:\Johnson
#        Project\Vulcan\Software\Vulcan\Debug\Obj\stm32f2xx_hal_i2c.o"
#        "E:\Johnson
#        Project\Vulcan\Software\Vulcan\Debug\Obj\stm32f2xx_hal_msp.o"
#        "E:\Johnson
#        Project\Vulcan\Software\Vulcan\Debug\Obj\stm32f2xx_hal_pwr.o"
#        "E:\Johnson
#        Project\Vulcan\Software\Vulcan\Debug\Obj\stm32f2xx_hal_pwr_ex.o"
#        "E:\Johnson
#        Project\Vulcan\Software\Vulcan\Debug\Obj\stm32f2xx_hal_rcc.o"
#        "E:\Johnson
#        Project\Vulcan\Software\Vulcan\Debug\Obj\stm32f2xx_hal_rcc_ex.o"
#        "E:\Johnson
#        Project\Vulcan\Software\Vulcan\Debug\Obj\stm32f2xx_hal_tim.o"
#        "E:\Johnson
#        Project\Vulcan\Software\Vulcan\Debug\Obj\stm32f2xx_hal_tim_ex.o"
#        "E:\Johnson
#        Project\Vulcan\Software\Vulcan\Debug\Obj\stm32f2xx_hal_uart.o"
#        "E:\Johnson Project\Vulcan\Software\Vulcan\Debug\Obj\stm32f2xx_it.o"
#        "E:\Johnson
#        Project\Vulcan\Software\Vulcan\Debug\Obj\stm32f2xx_ll_exti.o"
#        "E:\Johnson
#        Project\Vulcan\Software\Vulcan\Debug\Obj\stm32f2xx_ll_gpio.o"
#        "E:\Johnson Project\Vulcan\Software\Vulcan\Debug\Obj\stm32uh.o"
#        "E:\Johnson Project\Vulcan\Software\Vulcan\Debug\Obj\stm32uh_hub.o"
#        "E:\Johnson Project\Vulcan\Software\Vulcan\Debug\Obj\stm32uh_hw.o"
#        "E:\Johnson
#        Project\Vulcan\Software\Vulcan\Debug\Obj\system_stm32f2xx.o"
#        "E:\Johnson Project\Vulcan\Software\Vulcan\Debug\Obj\Timer.o"
#        "E:\Johnson Project\Vulcan\Software\Vulcan\Debug\Obj\TV.o" "E:\Johnson
#        Project\Vulcan\Software\Vulcan\Debug\Obj\UART.o" "E:\Johnson
#        Project\Vulcan\Software\Vulcan\Debug\Obj\ucb_stm32f205xx.o"
#        "E:\Johnson Project\Vulcan\Software\Vulcan\Debug\Obj\usb_host.o"
#        "E:\Johnson Project\Vulcan\Software\Vulcan\Debug\Obj\usb_mst.o"
#        "E:\Johnson Project\Vulcan\Software\Vulcan\Debug\Obj\usb_utils.o"
#        "E:\Johnson Project\Vulcan\Software\Vulcan\Debug\Obj\UsbFunction.o"
#        "E:\Johnson Project\Vulcan\Software\Vulcan\Debug\Obj\wifi_Digital.o"
#        "E:\Johnson
#        Project\Vulcan\Software\Vulcan\Debug\Obj\wifi_event_handlers.o"
#        "E:\Johnson
#        Project\Vulcan\Software\Vulcan\Debug\Obj\WiFi_Information.o"
#        "E:\Johnson Project\Vulcan\Software\Vulcan\Debug\Obj\wifi_interface.o"
#        --redirect _Printf=_PrintfFull --redirect _Scanf=_ScanfFull -o
#        "E:\Johnson Project\Vulcan\Software\Vulcan\Debug\Exe\Vulcan.out.tmp"
#        --map "E:\Johnson
#        Project\Vulcan\Software\Vulcan\Debug/List\Vulcan.map" --config
#        "E:\Johnson
#        Project\Vulcan\Software\Vulcan\Config\JIS_stm32f205xx_flash.icf"
#        --semihosting --entry __iar_program_start --vfe
#
###############################################################################

*******************************************************************************
*** RUNTIME MODEL ATTRIBUTES
***

CppFlavor       = *
__SystemLibrary = DLib


*******************************************************************************
*** PLACEMENT SUMMARY
***

"A1":  place at 0x08000000 { ro section .intvec };
"A2":  place at 0x0807fe00 { ro section .userinfo };
"A3":  place at 0x08010000 { ro section .intvec1 };
"A4":  place at 0x0800f800 { ro section .iar.init_table };
"A5":  place at 0x0800f700 { ro section .bootinfo };
"P1":  place in [from 0x20000200 to 0x20007fff] { block CSTACK, block HEAP };
"P2":  place in [from 0x20008000 to 0x20020000] { rw };
"P3":  place in [from 0x08010000 to 0x0807ffff] { ro };
"P4":  place in [from 0x08000500 to 0x0800f7ff] {
          object boot.o section .text, object boot.o section .rodata,
          object Boot_startup_stm32f205xx.o section .text,
          object Boot_startup_stm32f205xx.o section .rodata,
          object boot_it.o section .text, object boot_it.o section .rodata,
          object scsi.o section .text, object scsi.o section .rodata,
          object scsi.o section .data_init, object usb_mst.o section .text,
          object usb_mst.o section .rodata, object usb_mst.o section .data_init,
          object usb_host.o section .text, object usb_host.o section .rodata,
          object usb_host.o section .data_init,
          object usb_utils.o section .text, object usb_utils.o section .rodata,
          object usb_utils.o section .data_init,
          object stm32uh_hw.o section .text,
          object stm32uh_hw.o section .rodata,
          object stm32uh_hw.o section .data_init,
          object stm32uh_hub.o section .text,
          object stm32uh_hub.o section .rodata,
          object stm32uh_hub.o section .data_init,
          object stm32uh.o section .text, object stm32uh.o section .rodata,
          object stm32uh.o section .data_init, object pmgr.o section .text,
          object pmgr.o section .rodata, object pmgr.o section .data_init,
          object system_stm32f2xx.o section .text,
          object system_stm32f2xx.o section .rodata,
          object core_cm3.o section .text, object core_cm3.o section .rodata,
          object core_cm3.o section .data_init, object common.o section .text,
          object common.o section .rodata, object common.o section .data_init,
          object fat_m.o section .text, object fat_m.o section .rodata,
          object fat_m.o section .data_init, object fat_lfn.o section .text,
          object fat_lfn.o section .rodata, object fat_lfn.o section .data_init,
          object fat.o section .text, object fat.o section .rodata,
          object fat.o section .data_init, object port_f.o section .text,
          object port_f.o section .rodata, object port_f.o section .data_init,
          object mst.o section .text, object mst.o section .rodata,
          object mst.o section .data_init, object os_nrtos.o section .text,
          object os_nrtos.o section .rodata,
          object os_nrtos.o section .data_init, object misc.o section .text,
          object misc.o section .rodata, object misc.o section .data_init,
          object Bootflash.o section .text, object Bootflash.o section .rodata,
          object HT1381.o section .text, object HT1381.o section .rodata,
          object Mx25L1606E.o section .text,
          object Mx25L1606E.o section .rodata,
          object ABImemcpy_unaligned.o section .text,
          object ABImemcpy_unaligned.o section .rodata,
          object ABImemset.o section .text, object ABImemset.o section .rodata,
          object strcpy_unaligned.o section .text,
          object strcpy_unaligned.o section .rodata,
          object strncpy_unaligned.o section .text,
          object strncpy_unaligned.o section .rodata,
          object strlen.o section .text, object strlen.o section .rodata,
          object strstr.o section .text, object strstr.o section .rodata,
          object strchr.o section .text, object strchr.o section .rodata };
"P5":  place in [from 0x20000200 to 0x20007fff] {
          object boot.o section .bss, object boot.o section .data,
          object Boot_startup_stm32f205xx.o section .bss,
          object Boot_startup_stm32f205xx.o section .data,
          object boot_it.o section .bss, object boot_it.o section .data,
          object scsi.o section .bss, object scsi.o section .data,
          object usb_mst.o section .bss, object usb_mst.o section .data,
          object usb_host.o section .bss, object usb_host.o section .data,
          object usb_utils.o section .bss, object usb_utils.o section .data,
          object stm32uh_hw.o section .bss, object stm32uh_hw.o section .data,
          object stm32uh_hub.o section .bss, object stm32uh_hub.o section .data,
          object stm32uh.o section .bss, object stm32uh.o section .data,
          object pmgr.o section .bss, object pmgr.o section .data,
          object system_stm32f2xx.o section .bss,
          object core_cm3.o section .bss, object core_cm3.o section .data,
          object common.o section .bss, object common.o section .data,
          object fat_m.o section .bss, object fat_m.o section .data,
          object fat_lfn.o section .bss, object fat_lfn.o section .data,
          object fat.o section .bss, object fat.o section .data,
          object port_f.o section .bss, object port_f.o section .data,
          object mst.o section .bss, object mst.o section .data,
          object os_nrtos.o section .bss, object os_nrtos.o section .data,
          object misc.o section .bss, object misc.o section .data,
          object Bootflash.o section .bss, object Bootflash.o section .data,
          object HT1381.o section .bss, object HT1381.o section .data,
          object Mx25L1606E.o section .bss, object Mx25L1606E.o section .data,
          object Mx25L1606E.o section .noinit,
          object ABImemcpy_unaligned.o section .bss,
          object ABImemcpy_unaligned.o section .data,
          object ABImemset.o section .bss, object ABImemset.o section .data,
          object strcpy_unaligned.o section .bss,
          object strcpy_unaligned.o section .data,
          object strncpy_unaligned.o section .bss,
          object strncpy_unaligned.o section .data,
          object strlen.o section .bss, object strlen.o section .data,
          object strstr.o section .bss, object strstr.o section .data,
          object strchr.o section .bss, object strchr.o section .data };
"P6":  place in [from 0x08000200 to 0x080004ff] {
          object copy_init3.o section .text,
          object copy_init3.o section .rodata, object data_init.o section .text,
          object data_init.o section .rodata, object iarwstd.o section .text,
          object iarwstd.o section .rodata, object zero_init3.o section .text,
          object zero_init3.o section .rodata,
          object cstartup_M.o section .text,
          object cstartup_M.o section .rodata, object cmain.o section .text,
          object cmain.o section .rodata, object exit.o section .text,
          object exit.o section .rodata, object cexit.o section .text,
          object cexit.o section .rodata, object low_level_init.o section .text,
          object low_level_init.o section .rodata };

  Section            Kind        Address     Size  Object
  -------            ----        -------     ----  ------
"A1":                                       0x184
  .intvec            ro code  0x08000000    0x184  Boot_startup_stm32f205xx.o [1]
                            - 0x08000184    0x184

"P6":                                        0xe8
  .text              ro code  0x08000200     0x2e  copy_init3.o [5]
  .text              ro code  0x0800022e     0x22  zero_init3.o [5]
  .text              ro code  0x08000250     0x28  data_init.o [5]
  .text              ro code  0x08000278     0x20  iarwstd.o [6]
  .text              ro code  0x08000298     0x1a  cmain.o [5]
  .text              ro code  0x080002b2      0x4  low_level_init.o [3]
  .text              ro code  0x080002b6      0x4  exit.o [3]
  .text              ro code  0x080002bc      0xa  cexit.o [5]
  .text              ro code  0x080002c8     0x14  exit.o [6]
  .text              ro code  0x080002dc      0xc  cstartup_M.o [5]
  .rodata            const    0x080002e8      0x0  zero_init3.o [5]
  .rodata            const    0x080002e8      0x0  copy_init3.o [5]
                            - 0x080002e8     0xe8

"P4", part 1 of 2:                         0xb358
  .text              ro code  0x08000500   0x2fa0  fat_lfn.o [1]
  .text              ro code  0x080034a0   0x2ccc  common.o [1]
  .text              ro code  0x0800616c     0x76  ABImemcpy_unaligned.o [5]
  .text              ro code  0x080061e4    0x142  port_f.o [1]
  .text              ro code  0x08006328     0x66  ABImemset.o [5]
  .text              ro code  0x08006390    0x33c  HT1381.o [1]
  .text              ro code  0x080066cc   0x1060  stm32uh.o [1]
  .text              ro code  0x0800772c    0x258  stm32uh_hub.o [1]
  .text              ro code  0x08007984    0x1c4  os_nrtos.o [1]
  .text              ro code  0x08007b48    0x164  stm32uh_hw.o [1]
  .text              ro code  0x08007cac    0x938  pmgr.o [1]
  .text              ro code  0x080085e4    0x35e  usb_utils.o [1]
  .text              ro code  0x08008942    0x214  usb_host.o [1]
  .text              ro code  0x08008b58    0xb30  Boot.o [1]
  .text              ro code  0x08009688    0x1f8  Bootflash.o [1]
  .text              ro code  0x08009880    0x6a4  Mx25L1606E.o [1]
  .text              ro code  0x08009f24    0x23c  fat_m.o [1]
  .text              ro code  0x0800a160     0x44  strcpy_unaligned.o [5]
  .text              ro code  0x0800a1a4     0x6c  strncpy_unaligned.o [5]
  .text              ro code  0x0800a210    0x55c  usb_mst.o [1]
  .text              ro code  0x0800a76c     0x2c  strstr.o [3]
  .text              ro code  0x0800a798    0x9f0  scsi.o [1]
  .text              ro code  0x0800b188     0x16  strchr.o [5]
  .rodata            const    0x0800b1a0    0x188  Boot.o [1]
  .text              ro code  0x0800b328    0x168  mst.o [1]
  .rodata            const    0x0800b490    0x134  Boot.o [1]
  .text              ro code  0x0800b5c4     0xd8  system_stm32f2xx.o [1]
  .text              ro code  0x0800b69c     0xba  Boot_it.o [1]
  .rodata            const    0x0800b758     0x48  system_stm32f2xx.o [1]
  .rodata            const    0x0800b7a0     0x18  Boot.o [1]
  .rodata            const    0x0800b7b8     0x10  Boot.o [1]
  .rodata            const    0x0800b7c8     0x10  Boot.o [1]
  .rodata            const    0x0800b7d8     0x10  system_stm32f2xx.o [1]
  .text              ro code  0x0800b7e8     0x10  Boot_startup_stm32f205xx.o [1]
  .rodata            const    0x0800b7f8      0xc  Boot.o [1]
  .rodata            const    0x0800b804      0xc  fat_lfn.o [1]
  .rodata            const    0x0800b810      0xc  fat_lfn.o [1]
  .rodata            const    0x0800b81c      0x8  Boot.o [1]
  .rodata            const    0x0800b824      0x8  Boot.o [1]
  .rodata            const    0x0800b82c      0x8  system_stm32f2xx.o [1]
  .rodata            const    0x0800b834      0x8  usb_mst.o [1]
  .rodata            const    0x0800b83c      0x8  usb_mst.o [1]
  .rodata            const    0x0800b844      0x4  Boot.o [1]
  .rodata            const    0x0800b848      0x4  Boot.o [1]
  .rodata            const    0x0800b84c      0x4  Boot.o [1]
  .rodata            const    0x0800b850      0x4  usb_mst.o [1]
  Initializer bytes  ro data  0x0800b854      0x4  <for P5 s1>
                            - 0x0800b858   0xb358

"A5":                                        0x98
  .bootinfo          const    0x0800f700     0x34  Boot.o [1]
  .bootinfo          const    0x0800f734     0x14  Boot.o [1]
  .bootinfo          const    0x0800f748     0x14  Boot.o [1]
  .bootinfo          const    0x0800f75c     0x14  Boot.o [1]
  .bootinfo          const    0x0800f770     0x14  Boot.o [1]
  .bootinfo          const    0x0800f784     0x14  Boot.o [1]
                            - 0x0800f798     0x98

"P4", part 2 of 2:                           0x46
  .text              ro code  0x0800f798     0x36  strlen.o [5]
  .text              ro code  0x0800f7ce     0x10  Boot.o [1]
                            - 0x0800f7de     0x46

"A4":                                        0x40
  .iar.init_table    const    0x0800f800     0x40  - Linker created -
                            - 0x0800f840     0x40

"A3":                                       0x184
  .intvec1           ro code  0x08010000    0x184  ucb_stm32f205xx.o [1]
                            - 0x08010184    0x184

"P3":                                     0x2d73c
  .text              ro code  0x08010184   0x7296  main.o [1]
  .text              ro code  0x0801741a      0xa  xsprout.o [3]
  .text              ro code  0x08017424    0x3ee  stm32f2xx_hal_msp.o [1]
  .rodata            const    0x08017812      0x2  EngineerMode.o [1]
  .text              ro code  0x08017814     0x7c  stm32f2xx_hal.o [1]
  .text              ro code  0x08017890    0x414  PingDefine.o [1]
  .text              ro code  0x08017ca4    0x3d8  stm32f2xx_hal_gpio.o [1]
  .text              ro code  0x0801807c   0x1f04  Digital.o [1]
  .text              ro code  0x08019f80    0x102  Timer.o [1]
  .rodata            const    0x0801a082      0x2  EngineerMode.o [1]
  .text              ro code  0x0801a084    0x1d8  UART.o [1]
  .text              ro code  0x0801a25c    0xa7c  LCB_Support.o [1]
  .text              ro code  0x0801acd8    0x7f4  heart.o [1]
  .text              ro code  0x0801b4cc   0x1398  led.o [1]
  .text              ro code  0x0801c864   0x1b04  EEPRom.o [1]
  .text              ro code  0x0801e368    0x1b4  Beep.o [1]
  .text              ro code  0x0801e51c    0xd70  Show_Functions.o [1]
  .text              ro code  0x0801f28c   0x2414  Console.o [1]
  .text              ro code  0x080216a0   0x34d4  C_safe_v5.o [1]
  .text              ro code  0x08024b74    0x918  TV.o [1]
  .text              ro code  0x0802548c    0x1c8  keyboard.o [1]
  .text              ro code  0x08025654    0xc2c  WiFi_Information.o [1]
  .text              ro code  0x08026280   0x1078  wifi_Digital.o [1]
  .text              ro code  0x080272f8    0xf40  EEPROM_Langauge.o [1]
  .text              ro code  0x08028238   0x544c  EngineerMode.o [1]
  .text              ro code  0x0802d684    0xf7e  Show.o [1]
  .rodata            const    0x0802e602      0x2  EngineerMode.o [1]
  .text              ro code  0x0802e604    0x54c  RF900.o [1]
  .text              ro code  0x0802eb50     0x32  I32ToFlt.o [4]
  .rodata            const    0x0802eb82      0x2  EngineerMode.o [1]
  .text              ro code  0x0802eb84     0x4e  FltToDbl.o [4]
  .rodata            const    0x0802ebd2      0x2  EngineerMode.o [1]
  .text              ro code  0x0802ebd4    0x1a2  DblMul.o [4]
  .rodata            const    0x0802ed76      0x2  EngineerMode.o [1]
  .text              ro code  0x0802ed78     0x58  DblToI32.o [4]
  .text              ro code  0x0802edd0    0x246  DblDiv.o [4]
  .rodata            const    0x0802f016      0x2  EngineerMode.o [1]
  .text              ro code  0x0802f018   0x4450  wifi_interface.o [1]
  .text              ro code  0x08033468     0x2a  strncmp.o [3]
  .rodata            const    0x08033492      0x2  EngineerMode.o [1]
  .text              ro code  0x08033494     0x30  I32ToDbl.o [4]
  .text              ro code  0x080334c4    0x180  DblSub.o [4]
  .text              ro code  0x08033644     0x90  DblToFlt.o [4]
  .text              ro code  0x080336d4   0x1718  UsbFunction.o [1]
  .text              ro code  0x08034dec    0x9b4  KeyFunction.o [1]
  .text              ro code  0x080357a0    0x146  stm32f2xx_hal_cortex.o [1]
  .rodata            const    0x080358e6      0x2  EngineerMode.o [1]
  .text              ro code  0x080358e8    0x614  stm32f2xx_hal_tim.o [1]
  .text              ro code  0x08035efc     0x5a  stm32f2xx_hal_tim_ex.o [1]
  .rodata            const    0x08035f56      0x2  EngineerMode.o [1]
  .text              ro code  0x08035f58    0x384  stm32f2xx_hal_uart.o [1]
  .text              ro code  0x080362dc    0x14a  stm32f2xx_ll_exti.o [1]
  .rodata            const    0x08036426      0x2  Show.o [1]
  .text              ro code  0x08036428     0x40  stm32f2xx_hal_pwr.o [1]
  .text              ro code  0x08036468      0x6  ABImemclr4.o [5]
  .rodata            const    0x0803646e      0x2  Show.o [1]
  .text              ro code  0x08036470     0x34  sprintf.o [3]
  .text              ro code  0x080364a4    0x3d0  Formula.o [1]
  .text              ro code  0x08036874     0x24  FltToU32.o [4]
  .text              ro code  0x08036898    0x3dc  i2c_key.o [1]
  .text              ro code  0x08036c74     0x44  FltToS32.o [4]
  .text              ro code  0x08036cb8     0x90  CRC.o [1]
  .text              ro code  0x08036d48    0x298  wifi_event_handlers.o [1]
  .text              ro code  0x08036fe0     0xd4  DblAdd.o [4]
  .text              ro code  0x080370b4     0x42  strcmp_unaligned.o [5]
  .rodata            const    0x080370f6      0x2  Show.o [1]
  .text              ro code  0x080370f8    0x5c8  stm32f2xx_hal_rcc.o [1]
  .text              ro code  0x080376c0     0x32  ABImemset48.o [5]
  .text              ro code  0x080376f4    0xdae  xprintffull.o [3]
  .text              ro code  0x080384a4     0xee  I64DivMod.o [5]
  .text              ro code  0x08038594     0x58  memchr.o [5]
  .text              ro code  0x080385ec     0x42  xdnorm.o [4]
  .text              ro code  0x08038630     0x2e  DblCmpLe.o [4]
  .text              ro code  0x08038660     0x2e  DblCmpGe.o [4]
  .text              ro code  0x08038690    0x10c  xdscale.o [4]
  .text              ro code  0x0803879c      0xe  div.o [3]
  .text              ro code  0x080387ac      0x2  I64DivZer.o [5]
  .rodata            const    0x080387b0    0x400  CRC.o [1]
  .rodata            const    0x08038bb0    0x33c  EngineerMode.o [1]
  .rodata            const    0x08038eec    0x33c  Show_Functions.o [1]
  .text              ro code  0x08039228    0x32c  stm32f2xx_it.o [1]
  .text              ro code  0x08039554     0x24  printf.o [3]
  .rodata            const    0x08039578    0x220  Show.o [1]
  .rodata            const    0x08039798    0x158  Console.o [1]
  .rodata            const    0x080398f0    0x140  Console.o [1]
  .rodata            const    0x08039a30    0x140  Console.o [1]
  .rodata            const    0x08039b70    0x138  WiFi_Information.o [1]
  .rodata            const    0x08039ca8    0x10c  Console.o [1]
  .rodata            const    0x08039db4    0x108  Console.o [1]
  .rodata            const    0x08039ebc    0x108  Console.o [1]
  .rodata            const    0x08039fc4    0x108  Console.o [1]
  .rodata            const    0x0803a0cc    0x108  Console.o [1]
  .rodata            const    0x0803a1d4     0xc0  EngineerMode.o [1]
  .rodata            const    0x0803a294     0xa8  Console.o [1]
  .rodata            const    0x0803a33c     0xa8  Console.o [1]
  .rodata            const    0x0803a3e4     0xa0  Console.o [1]
  .rodata            const    0x0803a484     0xa0  EngineerMode.o [1]
  .rodata            const    0x0803a524     0x7c  Console.o [1]
  .rodata            const    0x0803a5a0     0x78  Console.o [1]
  .rodata            const    0x0803a618     0x78  Console.o [1]
  .rodata            const    0x0803a690     0x74  Console.o [1]
  .rodata            const    0x0803a704     0x74  Console.o [1]
  .rodata            const    0x0803a778     0x70  Console.o [1]
  .rodata            const    0x0803a7e8     0x70  Console.o [1]
  .rodata            const    0x0803a858     0x6c  Console.o [1]
  .rodata            const    0x0803a8c4     0x6c  Console.o [1]
  .text              ro code  0x0803a930     0x6c  iarttio.o [6]
  .text              ro code  0x0803a99c      0x8  XShttio.o [3]
  .rodata            const    0x0803a9a4     0x64  Show.o [1]
  .rodata            const    0x0803aa08     0x60  Console.o [1]
  .rodata            const    0x0803aa68     0x60  Console.o [1]
  .rodata            const    0x0803aac8     0x5c  Console.o [1]
  .rodata            const    0x0803ab24     0x5c  Console.o [1]
  .rodata            const    0x0803ab80     0x5c  Console.o [1]
  .rodata            const    0x0803abdc     0x5c  Show.o [1]
  .rodata            const    0x0803ac38     0x58  Show_Functions.o [1]
  .rodata            const    0x0803ac90     0x58  UsbFunction.o [1]
  .rodata            const    0x0803ace8     0x54  Console.o [1]
  .rodata            const    0x0803ad3c     0x54  main.o [1]
  .rodata            const    0x0803ad90     0x4c  Console.o [1]
  .rodata            const    0x0803addc     0x4c  Console.o [1]
  .rodata            const    0x0803ae28     0x4c  Show.o [1]
  .rodata            const    0x0803ae74     0x4c  Show.o [1]
  .rodata            const    0x0803aec0     0x48  Console.o [1]
  .rodata            const    0x0803af08     0x44  Console.o [1]
  .rodata            const    0x0803af4c     0x44  PingDefine.o [1]
  .rodata            const    0x0803af90     0x44  Show.o [1]
  .rodata            const    0x0803afd4     0x44  Show.o [1]
  .rodata            const    0x0803b018     0x44  Show.o [1]
  .rodata            const    0x0803b05c     0x44  Show.o [1]
  .rodata            const    0x0803b0a0     0x40  C_safe_v5.o [1]
  .rodata            const    0x0803b0e0     0x40  Console.o [1]
  .rodata            const    0x0803b120     0x40  EngineerMode.o [1]
  .rodata            const    0x0803b160     0x40  EngineerMode.o [1]
  .rodata            const    0x0803b1a0     0x40  Show.o [1]
  .rodata            const    0x0803b1e0     0x3c  main.o [1]
  .rodata            const    0x0803b21c     0x3c  UART.o [1]
  .rodata            const    0x0803b258     0x38  EngineerMode.o [1]
  .rodata            const    0x0803b290     0x38  Show.o [1]
  .rodata            const    0x0803b2c8     0x34  Show.o [1]
  .rodata            const    0x0803b2fc     0x30  EngineerMode.o [1]
  .rodata            const    0x0803b32c     0x30  EngineerMode.o [1]
  .rodata            const    0x0803b35c     0x30  main.o [1]
  .rodata            const    0x0803b38c     0x30  Show.o [1]
  .rodata            const    0x0803b3bc     0x30  Show.o [1]
  .rodata            const    0x0803b3ec     0x30  Show.o [1]
  .rodata            const    0x0803b41c     0x2c  Console.o [1]
  .rodata            const    0x0803b448     0x2c  Show.o [1]
  .rodata            const    0x0803b474     0x2c  UsbFunction.o [1]
  .rodata            const    0x0803b4a0     0x28  Console.o [1]
  .rodata            const    0x0803b4c8     0x28  Console.o [1]
  .rodata            const    0x0803b4f0     0x28  EngineerMode.o [1]
  .rodata            const    0x0803b518     0x28  main.o [1]
  .rodata            const    0x0803b540     0x28  WiFi_Information.o [1]
  .rodata            const    0x0803b568     0x28  wifi_interface.o [1]
  .text              ro code  0x0803b590     0x28  putchar.o [3]
  .text              ro code  0x0803b5b8     0x10  write.o [6]
  .text              ro code  0x0803b5c8     0x1e  dwrite.o [6]
  .text              ro code  0x0803b5e6     0x22  iarwrite.o [6]
  .rodata            const    0x0803b608     0x24  Console.o [1]
  .rodata            const    0x0803b62c     0x24  EngineerMode.o [1]
  .rodata            const    0x0803b650     0x24  EngineerMode.o [1]
  .rodata            const    0x0803b674     0x24  keyboard.o [1]
  .rodata            const    0x0803b698     0x24  Show.o [1]
  .rodata            const    0x0803b6bc     0x24  Show.o [1]
  .rodata            const    0x0803b6e0     0x24  Show.o [1]
  .text              ro code  0x0803b704     0x24  manual_init.o [1]
  .rodata            const    0x0803b728     0x20  Console.o [1]
  .rodata            const    0x0803b748     0x20  EngineerMode.o [1]
  .rodata            const    0x0803b768     0x20  EngineerMode.o [1]
  .rodata            const    0x0803b788     0x20  EngineerMode.o [1]
  .rodata            const    0x0803b7a8     0x20  EngineerMode.o [1]
  .rodata            const    0x0803b7c8     0x20  EngineerMode.o [1]
  .rodata            const    0x0803b7e8     0x20  EngineerMode.o [1]
  .rodata            const    0x0803b808     0x20  EngineerMode.o [1]
  .rodata            const    0x0803b828     0x20  EngineerMode.o [1]
  .rodata            const    0x0803b848     0x20  EngineerMode.o [1]
  .rodata            const    0x0803b868     0x20  EngineerMode.o [1]
  .rodata            const    0x0803b888     0x20  EngineerMode.o [1]
  .rodata            const    0x0803b8a8     0x20  Show.o [1]
  .rodata            const    0x0803b8c8     0x20  Show.o [1]
  .rodata            const    0x0803b8e8     0x20  Show.o [1]
  .rodata            const    0x0803b908     0x20  Show.o [1]
  .rodata            const    0x0803b928     0x20  Show.o [1]
  .rodata            const    0x0803b948     0x20  UsbFunction.o [1]
  .rodata            const    0x0803b968     0x20  WiFi_Information.o [1]
  .rodata            const    0x0803b988     0x1c  EEPROM_Langauge.o [1]
  .rodata            const    0x0803b9a4     0x1c  EngineerMode.o [1]
  .rodata            const    0x0803b9c0     0x1c  Show.o [1]
  .rodata            const    0x0803b9dc     0x1c  Show.o [1]
  .rodata            const    0x0803b9f8     0x1c  Show.o [1]
  .rodata            const    0x0803ba14     0x1c  Show.o [1]
  .rodata            const    0x0803ba30     0x1c  Show.o [1]
  .rodata            const    0x0803ba4c     0x1c  Show.o [1]
  .rodata            const    0x0803ba68     0x1c  UsbFunction.o [1]
  .rodata            const    0x0803ba84     0x1c  UsbFunction.o [1]
  .rodata            const    0x0803baa0     0x1c  UsbFunction.o [1]
  .rodata            const    0x0803babc     0x1c  UsbFunction.o [1]
  .rodata            const    0x0803bad8     0x18  EEPRom.o [1]
  .rodata            const    0x0803baf0     0x18  EngineerMode.o [1]
  .rodata            const    0x0803bb08     0x18  EngineerMode.o [1]
  .rodata            const    0x0803bb20     0x18  EngineerMode.o [1]
  .rodata            const    0x0803bb38     0x18  EngineerMode.o [1]
  .rodata            const    0x0803bb50     0x18  EngineerMode.o [1]
  .rodata            const    0x0803bb68     0x18  EngineerMode.o [1]
  .rodata            const    0x0803bb80     0x18  EngineerMode.o [1]
  .rodata            const    0x0803bb98     0x18  EngineerMode.o [1]
  .rodata            const    0x0803bbb0     0x18  EngineerMode.o [1]
  .rodata            const    0x0803bbc8     0x18  EngineerMode.o [1]
  .rodata            const    0x0803bbe0     0x18  EngineerMode.o [1]
  .rodata            const    0x0803bbf8     0x18  led.o [1]
  .rodata            const    0x0803bc10     0x18  Show.o [1]
  .rodata            const    0x0803bc28     0x18  Show.o [1]
  .rodata            const    0x0803bc40     0x18  Show.o [1]
  .rodata            const    0x0803bc58     0x18  Show.o [1]
  .rodata            const    0x0803bc70     0x18  Show.o [1]
  .rodata            const    0x0803bc88     0x18  Show.o [1]
  .rodata            const    0x0803bca0     0x18  Show.o [1]
  .rodata            const    0x0803bcb8     0x18  stm32f2xx_it.o [1]
  .rodata            const    0x0803bcd0     0x18  UsbFunction.o [1]
  .rodata            const    0x0803bce8     0x18  UsbFunction.o [1]
  .rodata            const    0x0803bd00     0x18  UsbFunction.o [1]
  .rodata            const    0x0803bd18     0x18  UsbFunction.o [1]
  .rodata            const    0x0803bd30     0x18  WiFi_Information.o [1]
  .rodata            const    0x0803bd48     0x18  WiFi_Information.o [1]
  .rodata            const    0x0803bd60     0x18  wifi_interface.o [1]
  .text              ro code  0x0803bd78     0x18  ucb_stm32f205xx.o [1]
  .text              ro code  0x0803bd90     0x16  xprout.o [3]
  .rodata            const    0x0803bda8     0x14  EngineerMode.o [1]
  .rodata            const    0x0803bdbc     0x14  EngineerMode.o [1]
  .rodata            const    0x0803bdd0     0x14  EngineerMode.o [1]
  .rodata            const    0x0803bde4     0x14  EngineerMode.o [1]
  .rodata            const    0x0803bdf8     0x14  EngineerMode.o [1]
  .rodata            const    0x0803be0c     0x14  EngineerMode.o [1]
  .rodata            const    0x0803be20     0x14  EngineerMode.o [1]
  .rodata            const    0x0803be34     0x14  EngineerMode.o [1]
  .rodata            const    0x0803be48     0x14  EngineerMode.o [1]
  .rodata            const    0x0803be5c     0x14  EngineerMode.o [1]
  .rodata            const    0x0803be70     0x14  EngineerMode.o [1]
  .rodata            const    0x0803be84     0x14  EngineerMode.o [1]
  .rodata            const    0x0803be98     0x14  keyboard.o [1]
  .rodata            const    0x0803beac     0x14  main.o [1]
  .rodata            const    0x0803bec0     0x14  Show.o [1]
  .rodata            const    0x0803bed4     0x14  Show.o [1]
  .rodata            const    0x0803bee8     0x14  Show.o [1]
  .rodata            const    0x0803befc     0x14  Show.o [1]
  .rodata            const    0x0803bf10     0x14  Show.o [1]
  .rodata            const    0x0803bf24     0x14  Show.o [1]
  .rodata            const    0x0803bf38     0x14  Show.o [1]
  .rodata            const    0x0803bf4c     0x14  Show.o [1]
  .rodata            const    0x0803bf60     0x14  Show.o [1]
  .rodata            const    0x0803bf74     0x14  Show.o [1]
  .rodata            const    0x0803bf88     0x14  Show.o [1]
  .rodata            const    0x0803bf9c     0x14  Show.o [1]
  .rodata            const    0x0803bfb0     0x14  Show.o [1]
  .rodata            const    0x0803bfc4     0x14  Show.o [1]
  .rodata            const    0x0803bfd8     0x14  Show.o [1]
  .rodata            const    0x0803bfec     0x14  Show.o [1]
  .rodata            const    0x0803c000     0x14  UsbFunction.o [1]
  .rodata            const    0x0803c014     0x14  UsbFunction.o [1]
  .rodata            const    0x0803c028     0x14  UsbFunction.o [1]
  .rodata            const    0x0803c03c     0x14  UsbFunction.o [1]
  .rodata            const    0x0803c050     0x14  UsbFunction.o [1]
  .rodata            const    0x0803c064     0x14  UsbFunction.o [1]
  .rodata            const    0x0803c078     0x14  UsbFunction.o [1]
  .rodata            const    0x0803c08c     0x14  WiFi_Information.o [1]
  .rodata            const    0x0803c0a0     0x14  WiFi_Information.o [1]
  .rodata            const    0x0803c0b4     0x14  WiFi_Information.o [1]
  .rodata            const    0x0803c0c8     0x14  WiFi_Information.o [1]
  .rodata            const    0x0803c0dc     0x14  WiFi_Information.o [1]
  .rodata            const    0x0803c0f0     0x14  WiFi_Information.o [1]
  .rodata            const    0x0803c104     0x14  WiFi_Information.o [1]
  .rodata            const    0x0803c118     0x14  WiFi_Information.o [1]
  .rodata            const    0x0803c12c     0x14  WiFi_Information.o [1]
  .rodata            const    0x0803c140     0x14  WiFi_Information.o [1]
  .rodata            const    0x0803c154     0x14  WiFi_Information.o [1]
  .rodata            const    0x0803c168     0x14  WiFi_Information.o [1]
  .rodata            const    0x0803c17c     0x14  WiFi_Information.o [1]
  .rodata            const    0x0803c190     0x14  WiFi_Information.o [1]
  .rodata            const    0x0803c1a4     0x14  WiFi_Information.o [1]
  .rodata            const    0x0803c1b8     0x14  WiFi_Information.o [1]
  .rodata            const    0x0803c1cc     0x14  WiFi_Information.o [1]
  .rodata            const    0x0803c1e0     0x14  WiFi_Information.o [1]
  .rodata            const    0x0803c1f4     0x14  WiFi_Information.o [1]
  .rodata            const    0x0803c208     0x14  WiFi_Information.o [1]
  .rodata            const    0x0803c21c     0x14  WiFi_Information.o [1]
  .rodata            const    0x0803c230     0x14  WiFi_Information.o [1]
  .rodata            const    0x0803c244     0x14  WiFi_Information.o [1]
  .rodata            const    0x0803c258     0x14  WiFi_Information.o [1]
  .rodata            const    0x0803c26c     0x14  WiFi_Information.o [1]
  .rodata            const    0x0803c280     0x14  WiFi_Information.o [1]
  .rodata            const    0x0803c294     0x10  Digital.o [1]
  .rodata            const    0x0803c2a4     0x10  EngineerMode.o [1]
  .rodata            const    0x0803c2b4     0x10  EngineerMode.o [1]
  .rodata            const    0x0803c2c4     0x10  EngineerMode.o [1]
  .rodata            const    0x0803c2d4     0x10  EngineerMode.o [1]
  .rodata            const    0x0803c2e4     0x10  EngineerMode.o [1]
  .rodata            const    0x0803c2f4     0x10  EngineerMode.o [1]
  .rodata            const    0x0803c304     0x10  EngineerMode.o [1]
  .rodata            const    0x0803c314     0x10  EngineerMode.o [1]
  .rodata            const    0x0803c324     0x10  EngineerMode.o [1]
  .rodata            const    0x0803c334     0x10  EngineerMode.o [1]
  .rodata            const    0x0803c344     0x10  EngineerMode.o [1]
  .rodata            const    0x0803c354     0x10  EngineerMode.o [1]
  .rodata            const    0x0803c364     0x10  EngineerMode.o [1]
  .rodata            const    0x0803c374     0x10  EngineerMode.o [1]
  .rodata            const    0x0803c384     0x10  EngineerMode.o [1]
  .rodata            const    0x0803c394     0x10  EngineerMode.o [1]
  .rodata            const    0x0803c3a4     0x10  EngineerMode.o [1]
  .rodata            const    0x0803c3b4     0x10  EngineerMode.o [1]
  .rodata            const    0x0803c3c4     0x10  EngineerMode.o [1]
  .rodata            const    0x0803c3d4     0x10  EngineerMode.o [1]
  .rodata            const    0x0803c3e4     0x10  EngineerMode.o [1]
  .rodata            const    0x0803c3f4     0x10  EngineerMode.o [1]
  .rodata            const    0x0803c404     0x10  EngineerMode.o [1]
  .rodata            const    0x0803c414     0x10  EngineerMode.o [1]
  .rodata            const    0x0803c424     0x10  EngineerMode.o [1]
  .rodata            const    0x0803c434     0x10  EngineerMode.o [1]
  .rodata            const    0x0803c444     0x10  EngineerMode.o [1]
  .rodata            const    0x0803c454     0x10  EngineerMode.o [1]
  .rodata            const    0x0803c464     0x10  EngineerMode.o [1]
  .rodata            const    0x0803c474     0x10  EngineerMode.o [1]
  .rodata            const    0x0803c484     0x10  EngineerMode.o [1]
  .rodata            const    0x0803c494     0x10  EngineerMode.o [1]
  .rodata            const    0x0803c4a4     0x10  EngineerMode.o [1]
  .rodata            const    0x0803c4b4     0x10  EngineerMode.o [1]
  .rodata            const    0x0803c4c4     0x10  EngineerMode.o [1]
  .rodata            const    0x0803c4d4     0x10  EngineerMode.o [1]
  .rodata            const    0x0803c4e4     0x10  EngineerMode.o [1]
  .rodata            const    0x0803c4f4     0x10  EngineerMode.o [1]
  .rodata            const    0x0803c504     0x10  LCB_Support.o [1]
  .rodata            const    0x0803c514     0x10  LCB_Support.o [1]
  .rodata            const    0x0803c524     0x10  Show.o [1]
  .rodata            const    0x0803c534     0x10  Show.o [1]
  .rodata            const    0x0803c544     0x10  Show.o [1]
  .rodata            const    0x0803c554     0x10  Show.o [1]
  .rodata            const    0x0803c564     0x10  Show.o [1]
  .rodata            const    0x0803c574     0x10  Show.o [1]
  .rodata            const    0x0803c584     0x10  Show.o [1]
  .rodata            const    0x0803c594     0x10  Show.o [1]
  .rodata            const    0x0803c5a4     0x10  Show.o [1]
  .rodata            const    0x0803c5b4     0x10  Show.o [1]
  .rodata            const    0x0803c5c4     0x10  Show.o [1]
  .rodata            const    0x0803c5d4     0x10  Show.o [1]
  .rodata            const    0x0803c5e4     0x10  Show.o [1]
  .rodata            const    0x0803c5f4     0x10  Show.o [1]
  .rodata            const    0x0803c604     0x10  Show.o [1]
  .rodata            const    0x0803c614     0x10  Show.o [1]
  .rodata            const    0x0803c624     0x10  Show.o [1]
  .rodata            const    0x0803c634     0x10  Show.o [1]
  .rodata            const    0x0803c644     0x10  Show.o [1]
  .rodata            const    0x0803c654     0x10  UsbFunction.o [1]
  .rodata            const    0x0803c664     0x10  UsbFunction.o [1]
  .rodata            const    0x0803c674     0x10  UsbFunction.o [1]
  .rodata            const    0x0803c684     0x10  UsbFunction.o [1]
  .rodata            const    0x0803c694     0x10  UsbFunction.o [1]
  .rodata            const    0x0803c6a4     0x10  UsbFunction.o [1]
  .rodata            const    0x0803c6b4     0x10  UsbFunction.o [1]
  .rodata            const    0x0803c6c4     0x10  UsbFunction.o [1]
  .rodata            const    0x0803c6d4     0x10  UsbFunction.o [1]
  .rodata            const    0x0803c6e4     0x10  UsbFunction.o [1]
  .rodata            const    0x0803c6f4     0x10  UsbFunction.o [1]
  .rodata            const    0x0803c704     0x10  UsbFunction.o [1]
  .rodata            const    0x0803c714     0x10  UsbFunction.o [1]
  .rodata            const    0x0803c724     0x10  UsbFunction.o [1]
  .rodata            const    0x0803c734     0x10  UsbFunction.o [1]
  .rodata            const    0x0803c744     0x10  UsbFunction.o [1]
  .rodata            const    0x0803c754     0x10  UsbFunction.o [1]
  .rodata            const    0x0803c764     0x10  UsbFunction.o [1]
  .rodata            const    0x0803c774     0x10  WiFi_Information.o [1]
  .rodata            const    0x0803c784     0x10  WiFi_Information.o [1]
  .rodata            const    0x0803c794     0x10  WiFi_Information.o [1]
  .rodata            const    0x0803c7a4     0x10  WiFi_Information.o [1]
  .rodata            const    0x0803c7b4     0x10  WiFi_Information.o [1]
  .rodata            const    0x0803c7c4     0x10  WiFi_Information.o [1]
  .rodata            const    0x0803c7d4     0x10  WiFi_Information.o [1]
  .rodata            const    0x0803c7e4     0x10  WiFi_Information.o [1]
  .rodata            const    0x0803c7f4     0x10  WiFi_Information.o [1]
  .rodata            const    0x0803c804     0x10  WiFi_Information.o [1]
  .rodata            const    0x0803c814     0x10  WiFi_Information.o [1]
  .rodata            const    0x0803c824     0x10  WiFi_Information.o [1]
  .rodata            const    0x0803c834     0x10  WiFi_Information.o [1]
  .rodata            const    0x0803c844     0x10  WiFi_Information.o [1]
  .rodata            const    0x0803c854     0x10  WiFi_Information.o [1]
  .rodata            const    0x0803c864     0x10  WiFi_Information.o [1]
  .rodata            const    0x0803c874     0x10  WiFi_Information.o [1]
  .rodata            const    0x0803c884     0x10  WiFi_Information.o [1]
  .rodata            const    0x0803c894     0x10  WiFi_Information.o [1]
  .rodata            const    0x0803c8a4     0x10  WiFi_Information.o [1]
  .rodata            const    0x0803c8b4     0x10  WiFi_Information.o [1]
  .rodata            const    0x0803c8c4     0x10  WiFi_Information.o [1]
  .rodata            const    0x0803c8d4     0x10  WiFi_Information.o [1]
  .rodata            const    0x0803c8e4     0x10  WiFi_Information.o [1]
  .rodata            const    0x0803c8f4     0x10  WiFi_Information.o [1]
  .rodata            const    0x0803c904     0x10  WiFi_Information.o [1]
  .rodata            const    0x0803c914     0x10  WiFi_Information.o [1]
  .rodata            const    0x0803c924     0x10  WiFi_Information.o [1]
  .rodata            const    0x0803c934     0x10  WiFi_Information.o [1]
  .rodata            const    0x0803c944     0x10  WiFi_Information.o [1]
  .rodata            const    0x0803c954     0x10  WiFi_Information.o [1]
  .rodata            const    0x0803c964     0x10  WiFi_Information.o [1]
  .rodata            const    0x0803c974     0x10  WiFi_Information.o [1]
  .rodata            const    0x0803c984     0x10  WiFi_Information.o [1]
  .rodata            const    0x0803c994     0x10  WiFi_Information.o [1]
  .rodata            const    0x0803c9a4     0x10  WiFi_Information.o [1]
  .rodata            const    0x0803c9b4     0x10  WiFi_Information.o [1]
  .rodata            const    0x0803c9c4     0x10  WiFi_Information.o [1]
  .rodata            const    0x0803c9d4     0x10  WiFi_Information.o [1]
  .rodata            const    0x0803c9e4     0x10  WiFi_Information.o [1]
  .rodata            const    0x0803c9f4     0x10  WiFi_Information.o [1]
  .rodata            const    0x0803ca04     0x10  WiFi_Information.o [1]
  .rodata            const    0x0803ca14     0x10  WiFi_Information.o [1]
  .rodata            const    0x0803ca24     0x10  WiFi_Information.o [1]
  .rodata            const    0x0803ca34     0x10  WiFi_Information.o [1]
  .rodata            const    0x0803ca44     0x10  WiFi_Information.o [1]
  .rodata            const    0x0803ca54     0x10  wifi_interface.o [1]
  .rodata            const    0x0803ca64     0x10  wifi_interface.o [1]
  .rodata            const    0x0803ca74      0xc  Console.o [1]
  .rodata            const    0x0803ca80      0xc  EngineerMode.o [1]
  .rodata            const    0x0803ca8c      0xc  EngineerMode.o [1]
  .rodata            const    0x0803ca98      0xc  EngineerMode.o [1]
  .rodata            const    0x0803caa4      0xc  EngineerMode.o [1]
  .rodata            const    0x0803cab0      0xc  EngineerMode.o [1]
  .rodata            const    0x0803cabc      0xc  EngineerMode.o [1]
  .rodata            const    0x0803cac8      0xc  EngineerMode.o [1]
  .rodata            const    0x0803cad4      0xc  EngineerMode.o [1]
  .rodata            const    0x0803cae0      0xc  EngineerMode.o [1]
  .rodata            const    0x0803caec      0xc  EngineerMode.o [1]
  .rodata            const    0x0803caf8      0xc  EngineerMode.o [1]
  .rodata            const    0x0803cb04      0xc  EngineerMode.o [1]
  .rodata            const    0x0803cb10      0xc  EngineerMode.o [1]
  .rodata            const    0x0803cb1c      0xc  EngineerMode.o [1]
  .rodata            const    0x0803cb28      0xc  EngineerMode.o [1]
  .rodata            const    0x0803cb34      0xc  EngineerMode.o [1]
  .rodata            const    0x0803cb40      0xc  EngineerMode.o [1]
  .rodata            const    0x0803cb4c      0xc  EngineerMode.o [1]
  .rodata            const    0x0803cb58      0xc  EngineerMode.o [1]
  .rodata            const    0x0803cb64      0xc  EngineerMode.o [1]
  .rodata            const    0x0803cb70      0xc  EngineerMode.o [1]
  .rodata            const    0x0803cb7c      0xc  EngineerMode.o [1]
  .rodata            const    0x0803cb88      0xc  EngineerMode.o [1]
  .rodata            const    0x0803cb94      0xc  EngineerMode.o [1]
  .rodata            const    0x0803cba0      0xc  EngineerMode.o [1]
  .rodata            const    0x0803cbac      0xc  EngineerMode.o [1]
  .rodata            const    0x0803cbb8      0xc  EngineerMode.o [1]
  .rodata            const    0x0803cbc4      0xc  EngineerMode.o [1]
  .rodata            const    0x0803cbd0      0xc  EngineerMode.o [1]
  .rodata            const    0x0803cbdc      0xc  EngineerMode.o [1]
  .rodata            const    0x0803cbe8      0xc  EngineerMode.o [1]
  .rodata            const    0x0803cbf4      0xc  EngineerMode.o [1]
  .rodata            const    0x0803cc00      0xc  EngineerMode.o [1]
  .rodata            const    0x0803cc0c      0xc  EngineerMode.o [1]
  .rodata            const    0x0803cc18      0xc  EngineerMode.o [1]
  .rodata            const    0x0803cc24      0xc  EngineerMode.o [1]
  .rodata            const    0x0803cc30      0xc  EngineerMode.o [1]
  .rodata            const    0x0803cc3c      0xc  EngineerMode.o [1]
  .rodata            const    0x0803cc48      0xc  EngineerMode.o [1]
  .rodata            const    0x0803cc54      0xc  EngineerMode.o [1]
  .rodata            const    0x0803cc60      0xc  EngineerMode.o [1]
  .rodata            const    0x0803cc6c      0xc  EngineerMode.o [1]
  .rodata            const    0x0803cc78      0xc  EngineerMode.o [1]
  .rodata            const    0x0803cc84      0xc  EngineerMode.o [1]
  .rodata            const    0x0803cc90      0xc  EngineerMode.o [1]
  .rodata            const    0x0803cc9c      0xc  EngineerMode.o [1]
  .rodata            const    0x0803cca8      0xc  EngineerMode.o [1]
  .rodata            const    0x0803ccb4      0xc  EngineerMode.o [1]
  .rodata            const    0x0803ccc0      0xc  EngineerMode.o [1]
  .rodata            const    0x0803cccc      0xc  EngineerMode.o [1]
  .rodata            const    0x0803ccd8      0xc  EngineerMode.o [1]
  .rodata            const    0x0803cce4      0xc  EngineerMode.o [1]
  .rodata            const    0x0803ccf0      0xc  EngineerMode.o [1]
  .rodata            const    0x0803ccfc      0xc  EngineerMode.o [1]
  .rodata            const    0x0803cd08      0xc  EngineerMode.o [1]
  .rodata            const    0x0803cd14      0xc  EngineerMode.o [1]
  .rodata            const    0x0803cd20      0xc  EngineerMode.o [1]
  .rodata            const    0x0803cd2c      0xc  EngineerMode.o [1]
  .rodata            const    0x0803cd38      0xc  EngineerMode.o [1]
  .rodata            const    0x0803cd44      0xc  EngineerMode.o [1]
  .rodata            const    0x0803cd50      0xc  EngineerMode.o [1]
  .rodata            const    0x0803cd5c      0xc  EngineerMode.o [1]
  .rodata            const    0x0803cd68      0xc  EngineerMode.o [1]
  .rodata            const    0x0803cd74      0xc  EngineerMode.o [1]
  .rodata            const    0x0803cd80      0xc  EngineerMode.o [1]
  .rodata            const    0x0803cd8c      0xc  EngineerMode.o [1]
  .rodata            const    0x0803cd98      0xc  EngineerMode.o [1]
  .rodata            const    0x0803cda4      0xc  EngineerMode.o [1]
  .rodata            const    0x0803cdb0      0xc  EngineerMode.o [1]
  .rodata            const    0x0803cdbc      0xc  EngineerMode.o [1]
  .rodata            const    0x0803cdc8      0xc  EngineerMode.o [1]
  .rodata            const    0x0803cdd4      0xc  EngineerMode.o [1]
  .rodata            const    0x0803cde0      0xc  EngineerMode.o [1]
  .rodata            const    0x0803cdec      0xc  EngineerMode.o [1]
  .rodata            const    0x0803cdf8      0xc  EngineerMode.o [1]
  .rodata            const    0x0803ce04      0xc  main.o [1]
  .rodata            const    0x0803ce10      0xc  main.o [1]
  .rodata            const    0x0803ce1c      0xc  main.o [1]
  .rodata            const    0x0803ce28      0xc  main.o [1]
  .rodata            const    0x0803ce34      0xc  main.o [1]
  .rodata            const    0x0803ce40      0xc  main.o [1]
  .rodata            const    0x0803ce4c      0xc  Show.o [1]
  .rodata            const    0x0803ce58      0xc  Show.o [1]
  .rodata            const    0x0803ce64      0xc  Show.o [1]
  .rodata            const    0x0803ce70      0xc  Show.o [1]
  .rodata            const    0x0803ce7c      0xc  Show.o [1]
  .rodata            const    0x0803ce88      0xc  Show.o [1]
  .rodata            const    0x0803ce94      0xc  Show.o [1]
  .rodata            const    0x0803cea0      0xc  Show.o [1]
  .rodata            const    0x0803ceac      0xc  Show.o [1]
  .rodata            const    0x0803ceb8      0xc  Show.o [1]
  .rodata            const    0x0803cec4      0xc  Show.o [1]
  .rodata            const    0x0803ced0      0xc  Show.o [1]
  .rodata            const    0x0803cedc      0xc  Show.o [1]
  .rodata            const    0x0803cee8      0xc  Show.o [1]
  .rodata            const    0x0803cef4      0xc  Show.o [1]
  .rodata            const    0x0803cf00      0xc  Show.o [1]
  .rodata            const    0x0803cf0c      0xc  Show.o [1]
  .rodata            const    0x0803cf18      0xc  Show.o [1]
  .rodata            const    0x0803cf24      0xc  Show.o [1]
  .rodata            const    0x0803cf30      0xc  Show.o [1]
  .rodata            const    0x0803cf3c      0xc  Show.o [1]
  .rodata            const    0x0803cf48      0xc  Show.o [1]
  .rodata            const    0x0803cf54      0xc  Show.o [1]
  .rodata            const    0x0803cf60      0xc  Show.o [1]
  .rodata            const    0x0803cf6c      0xc  Show.o [1]
  .rodata            const    0x0803cf78      0xc  Show.o [1]
  .rodata            const    0x0803cf84      0xc  Show.o [1]
  .rodata            const    0x0803cf90      0xc  Show.o [1]
  .rodata            const    0x0803cf9c      0xc  Show.o [1]
  .rodata            const    0x0803cfa8      0xc  Show.o [1]
  .rodata            const    0x0803cfb4      0xc  Show.o [1]
  .rodata            const    0x0803cfc0      0xc  stm32f2xx_it.o [1]
  .rodata            const    0x0803cfcc      0xc  stm32f2xx_it.o [1]
  .rodata            const    0x0803cfd8      0xc  stm32f2xx_it.o [1]
  .rodata            const    0x0803cfe4      0xc  stm32f2xx_it.o [1]
  .rodata            const    0x0803cff0      0xc  stm32f2xx_it.o [1]
  .rodata            const    0x0803cffc      0xc  stm32f2xx_it.o [1]
  .rodata            const    0x0803d008      0xc  stm32f2xx_it.o [1]
  .rodata            const    0x0803d014      0xc  stm32f2xx_it.o [1]
  .rodata            const    0x0803d020      0xc  stm32f2xx_it.o [1]
  .rodata            const    0x0803d02c      0xc  stm32f2xx_it.o [1]
  .rodata            const    0x0803d038      0xc  stm32f2xx_it.o [1]
  .rodata            const    0x0803d044      0xc  stm32f2xx_it.o [1]
  .rodata            const    0x0803d050      0xc  stm32f2xx_it.o [1]
  .rodata            const    0x0803d05c      0xc  UsbFunction.o [1]
  .rodata            const    0x0803d068      0xc  UsbFunction.o [1]
  .rodata            const    0x0803d074      0xc  UsbFunction.o [1]
  .rodata            const    0x0803d080      0xc  UsbFunction.o [1]
  .rodata            const    0x0803d08c      0xc  UsbFunction.o [1]
  .rodata            const    0x0803d098      0xc  UsbFunction.o [1]
  .rodata            const    0x0803d0a4      0xc  UsbFunction.o [1]
  .rodata            const    0x0803d0b0      0xc  UsbFunction.o [1]
  .rodata            const    0x0803d0bc      0xc  UsbFunction.o [1]
  .rodata            const    0x0803d0c8      0xc  UsbFunction.o [1]
  .rodata            const    0x0803d0d4      0xc  UsbFunction.o [1]
  .rodata            const    0x0803d0e0      0xc  UsbFunction.o [1]
  .rodata            const    0x0803d0ec      0xc  UsbFunction.o [1]
  .rodata            const    0x0803d0f8      0xc  UsbFunction.o [1]
  .rodata            const    0x0803d104      0xc  UsbFunction.o [1]
  .rodata            const    0x0803d110      0xc  UsbFunction.o [1]
  .rodata            const    0x0803d11c      0xc  UsbFunction.o [1]
  .rodata            const    0x0803d128      0xc  UsbFunction.o [1]
  .rodata            const    0x0803d134      0xc  UsbFunction.o [1]
  .rodata            const    0x0803d140      0xc  UsbFunction.o [1]
  .rodata            const    0x0803d14c      0xc  UsbFunction.o [1]
  .rodata            const    0x0803d158      0xc  UsbFunction.o [1]
  .rodata            const    0x0803d164      0xc  UsbFunction.o [1]
  .rodata            const    0x0803d170      0xc  UsbFunction.o [1]
  .rodata            const    0x0803d17c      0xc  WiFi_Information.o [1]
  .rodata            const    0x0803d188      0xc  WiFi_Information.o [1]
  .rodata            const    0x0803d194      0xc  WiFi_Information.o [1]
  .rodata            const    0x0803d1a0      0xc  WiFi_Information.o [1]
  .rodata            const    0x0803d1ac      0xc  WiFi_Information.o [1]
  .rodata            const    0x0803d1b8      0xc  WiFi_Information.o [1]
  .rodata            const    0x0803d1c4      0xc  WiFi_Information.o [1]
  .rodata            const    0x0803d1d0      0xc  WiFi_Information.o [1]
  .rodata            const    0x0803d1dc      0xc  WiFi_Information.o [1]
  .rodata            const    0x0803d1e8      0xc  WiFi_Information.o [1]
  .rodata            const    0x0803d1f4      0xc  WiFi_Information.o [1]
  .rodata            const    0x0803d200      0xc  WiFi_Information.o [1]
  .rodata            const    0x0803d20c      0xc  wifi_interface.o [1]
  .rodata            const    0x0803d218      0xc  wifi_interface.o [1]
  .rodata            const    0x0803d224      0xc  wifi_interface.o [1]
  .rodata            const    0x0803d230      0x8  EEPRom.o [1]
  .rodata            const    0x0803d238      0x8  EngineerMode.o [1]
  .rodata            const    0x0803d240      0x8  EngineerMode.o [1]
  .rodata            const    0x0803d248      0x8  EngineerMode.o [1]
  .rodata            const    0x0803d250      0x8  EngineerMode.o [1]
  .rodata            const    0x0803d258      0x8  EngineerMode.o [1]
  .rodata            const    0x0803d260      0x8  EngineerMode.o [1]
  .rodata            const    0x0803d268      0x8  EngineerMode.o [1]
  .rodata            const    0x0803d270      0x8  EngineerMode.o [1]
  .rodata            const    0x0803d278      0x8  EngineerMode.o [1]
  .rodata            const    0x0803d280      0x8  EngineerMode.o [1]
  .rodata            const    0x0803d288      0x8  EngineerMode.o [1]
  .rodata            const    0x0803d290      0x8  EngineerMode.o [1]
  .rodata            const    0x0803d298      0x8  EngineerMode.o [1]
  .rodata            const    0x0803d2a0      0x8  EngineerMode.o [1]
  .rodata            const    0x0803d2a8      0x8  EngineerMode.o [1]
  .rodata            const    0x0803d2b0      0x8  EngineerMode.o [1]
  .rodata            const    0x0803d2b8      0x8  EngineerMode.o [1]
  .rodata            const    0x0803d2c0      0x8  EngineerMode.o [1]
  .rodata            const    0x0803d2c8      0x8  EngineerMode.o [1]
  .rodata            const    0x0803d2d0      0x8  EngineerMode.o [1]
  .rodata            const    0x0803d2d8      0x8  EngineerMode.o [1]
  .rodata            const    0x0803d2e0      0x8  EngineerMode.o [1]
  .rodata            const    0x0803d2e8      0x8  EngineerMode.o [1]
  .rodata            const    0x0803d2f0      0x8  EngineerMode.o [1]
  .rodata            const    0x0803d2f8      0x8  EngineerMode.o [1]
  .rodata            const    0x0803d300      0x8  EngineerMode.o [1]
  .rodata            const    0x0803d308      0x8  EngineerMode.o [1]
  .rodata            const    0x0803d310      0x8  EngineerMode.o [1]
  .rodata            const    0x0803d318      0x8  EngineerMode.o [1]
  .rodata            const    0x0803d320      0x8  EngineerMode.o [1]
  .rodata            const    0x0803d328      0x8  EngineerMode.o [1]
  .rodata            const    0x0803d330      0x8  EngineerMode.o [1]
  .rodata            const    0x0803d338      0x8  EngineerMode.o [1]
  .rodata            const    0x0803d340      0x8  EngineerMode.o [1]
  .rodata            const    0x0803d348      0x8  EngineerMode.o [1]
  .rodata            const    0x0803d350      0x8  EngineerMode.o [1]
  .rodata            const    0x0803d358      0x8  EngineerMode.o [1]
  .rodata            const    0x0803d360      0x8  EngineerMode.o [1]
  .rodata            const    0x0803d368      0x8  EngineerMode.o [1]
  .rodata            const    0x0803d370      0x8  EngineerMode.o [1]
  .rodata            const    0x0803d378      0x8  EngineerMode.o [1]
  .rodata            const    0x0803d380      0x8  EngineerMode.o [1]
  .rodata            const    0x0803d388      0x8  EngineerMode.o [1]
  .rodata            const    0x0803d390      0x8  EngineerMode.o [1]
  .rodata            const    0x0803d398      0x8  EngineerMode.o [1]
  .rodata            const    0x0803d3a0      0x8  EngineerMode.o [1]
  .rodata            const    0x0803d3a8      0x8  EngineerMode.o [1]
  .rodata            const    0x0803d3b0      0x8  EngineerMode.o [1]
  .rodata            const    0x0803d3b8      0x8  EngineerMode.o [1]
  .rodata            const    0x0803d3c0      0x8  EngineerMode.o [1]
  .rodata            const    0x0803d3c8      0x8  EngineerMode.o [1]
  .rodata            const    0x0803d3d0      0x8  EngineerMode.o [1]
  .rodata            const    0x0803d3d8      0x8  EngineerMode.o [1]
  .rodata            const    0x0803d3e0      0x8  EngineerMode.o [1]
  .rodata            const    0x0803d3e8      0x8  EngineerMode.o [1]
  .rodata            const    0x0803d3f0      0x8  EngineerMode.o [1]
  .rodata            const    0x0803d3f8      0x8  EngineerMode.o [1]
  .rodata            const    0x0803d400      0x8  EngineerMode.o [1]
  .rodata            const    0x0803d408      0x8  EngineerMode.o [1]
  .rodata            const    0x0803d410      0x8  EngineerMode.o [1]
  .rodata            const    0x0803d418      0x8  EngineerMode.o [1]
  .rodata            const    0x0803d420      0x8  EngineerMode.o [1]
  .rodata            const    0x0803d428      0x8  EngineerMode.o [1]
  .rodata            const    0x0803d430      0x8  EngineerMode.o [1]
  .rodata            const    0x0803d438      0x8  EngineerMode.o [1]
  .rodata            const    0x0803d440      0x8  EngineerMode.o [1]
  .rodata            const    0x0803d448      0x8  EngineerMode.o [1]
  .rodata            const    0x0803d450      0x8  keyboard.o [1]
  .rodata            const    0x0803d458      0x8  keyboard.o [1]
  .rodata            const    0x0803d460      0x8  Show.o [1]
  .rodata            const    0x0803d468      0x8  Show.o [1]
  .rodata            const    0x0803d470      0x8  Show.o [1]
  .rodata            const    0x0803d478      0x8  Show.o [1]
  .rodata            const    0x0803d480      0x8  Show.o [1]
  .rodata            const    0x0803d488      0x8  Show.o [1]
  .rodata            const    0x0803d490      0x8  Show.o [1]
  .rodata            const    0x0803d498      0x8  Show.o [1]
  .rodata            const    0x0803d4a0      0x8  Show.o [1]
  .rodata            const    0x0803d4a8      0x8  Show.o [1]
  .rodata            const    0x0803d4b0      0x8  Show.o [1]
  .rodata            const    0x0803d4b8      0x8  Show.o [1]
  .rodata            const    0x0803d4c0      0x8  Show.o [1]
  .rodata            const    0x0803d4c8      0x8  Show.o [1]
  .rodata            const    0x0803d4d0      0x8  Show.o [1]
  .rodata            const    0x0803d4d8      0x8  Show.o [1]
  .rodata            const    0x0803d4e0      0x8  Show.o [1]
  .rodata            const    0x0803d4e8      0x8  Show.o [1]
  .rodata            const    0x0803d4f0      0x8  Show.o [1]
  .rodata            const    0x0803d4f8      0x8  Show.o [1]
  .rodata            const    0x0803d500      0x8  Show.o [1]
  .rodata            const    0x0803d508      0x8  Show.o [1]
  .rodata            const    0x0803d510      0x8  Show.o [1]
  .rodata            const    0x0803d518      0x8  UsbFunction.o [1]
  .rodata            const    0x0803d520      0x8  UsbFunction.o [1]
  .rodata            const    0x0803d528      0x8  UsbFunction.o [1]
  .rodata            const    0x0803d530      0x8  UsbFunction.o [1]
  .rodata            const    0x0803d538      0x8  UsbFunction.o [1]
  .rodata            const    0x0803d540      0x8  UsbFunction.o [1]
  .rodata            const    0x0803d548      0x8  UsbFunction.o [1]
  .rodata            const    0x0803d550      0x8  UsbFunction.o [1]
  .rodata            const    0x0803d558      0x8  UsbFunction.o [1]
  .rodata            const    0x0803d560      0x8  UsbFunction.o [1]
  .rodata            const    0x0803d568      0x8  UsbFunction.o [1]
  .rodata            const    0x0803d570      0x8  wifi_Digital.o [1]
  .rodata            const    0x0803d578      0x8  WiFi_Information.o [1]
  .rodata            const    0x0803d580      0x8  WiFi_Information.o [1]
  .rodata            const    0x0803d588      0x8  wifi_interface.o [1]
  .rodata            const    0x0803d590      0x8  wifi_interface.o [1]
  .rodata            const    0x0803d598      0x8  wifi_interface.o [1]
  .rodata            const    0x0803d5a0      0x8  wifi_interface.o [1]
  .rodata            const    0x0803d5a8      0x8  wifi_interface.o [1]
  .rodata            const    0x0803d5b0      0x8  wifi_interface.o [1]
  .rodata            const    0x0803d5b8      0x8  wifi_interface.o [1]
  .rodata            const    0x0803d5c0      0x4  EngineerMode.o [1]
  .rodata            const    0x0803d5c4      0x4  EngineerMode.o [1]
  .rodata            const    0x0803d5c8      0x4  EngineerMode.o [1]
  .rodata            const    0x0803d5cc      0x4  EngineerMode.o [1]
  .rodata            const    0x0803d5d0      0x4  EngineerMode.o [1]
  .rodata            const    0x0803d5d4      0x4  EngineerMode.o [1]
  .rodata            const    0x0803d5d8      0x4  EngineerMode.o [1]
  .rodata            const    0x0803d5dc      0x4  EngineerMode.o [1]
  .rodata            const    0x0803d5e0      0x4  EngineerMode.o [1]
  .rodata            const    0x0803d5e4      0x4  EngineerMode.o [1]
  .rodata            const    0x0803d5e8      0x4  EngineerMode.o [1]
  .rodata            const    0x0803d5ec      0x4  EngineerMode.o [1]
  .rodata            const    0x0803d5f0      0x4  EngineerMode.o [1]
  .rodata            const    0x0803d5f4      0x4  EngineerMode.o [1]
  .rodata            const    0x0803d5f8      0x4  EngineerMode.o [1]
  .rodata            const    0x0803d5fc      0x4  EngineerMode.o [1]
  .rodata            const    0x0803d600      0x4  EngineerMode.o [1]
  .rodata            const    0x0803d604      0x4  EngineerMode.o [1]
  .rodata            const    0x0803d608      0x4  main.o [1]
  .rodata            const    0x0803d60c      0x4  main.o [1]
  .rodata            const    0x0803d610      0x4  Show.o [1]
  .rodata            const    0x0803d614      0x4  Show.o [1]
  .rodata            const    0x0803d618      0x4  Show.o [1]
  .rodata            const    0x0803d61c      0x4  UsbFunction.o [1]
  .rodata            const    0x0803d620      0x4  UsbFunction.o [1]
  .rodata            const    0x0803d624      0x4  UsbFunction.o [1]
  .rodata            const    0x0803d628      0x4  UsbFunction.o [1]
  .rodata            const    0x0803d62c      0x4  wifi_Digital.o [1]
  .rodata            const    0x0803d630      0x4  wifi_Digital.o [1]
  .rodata            const    0x0803d634      0x4  wifi_Digital.o [1]
  .rodata            const    0x0803d638      0x4  wifi_Digital.o [1]
  .rodata            const    0x0803d63c      0x4  wifi_Digital.o [1]
  .rodata            const    0x0803d640      0x4  wifi_interface.o [1]
  .rodata            const    0x0803d644      0x4  wifi_interface.o [1]
  .rodata            const    0x0803d648      0x4  wifi_interface.o [1]
  .rodata            const    0x0803d64c      0x4  wifi_interface.o [1]
  .text              ro code  0x0803d650      0x4  ucb_stm32f205xx.o [1]
  .text              ro code  0x0803d654      0x4  ucb_stm32f205xx.o [1]
  .text              ro code  0x0803d658      0x4  ucb_stm32f205xx.o [1]
  .text              ro code  0x0803d65c      0x4  ucb_stm32f205xx.o [1]
  .text              ro code  0x0803d660      0x4  ucb_stm32f205xx.o [1]
  .text              ro code  0x0803d664      0x4  ucb_stm32f205xx.o [1]
  .text              ro code  0x0803d668      0x4  ucb_stm32f205xx.o [1]
  .text              ro code  0x0803d66c      0x4  ucb_stm32f205xx.o [1]
  .text              ro code  0x0803d670      0x4  ucb_stm32f205xx.o [1]
  .text              ro code  0x0803d674      0x4  ucb_stm32f205xx.o [1]
  .text              ro code  0x0803d678      0x4  ucb_stm32f205xx.o [1]
  .text              ro code  0x0803d67c      0x4  ucb_stm32f205xx.o [1]
  .text              ro code  0x0803d680      0x4  ucb_stm32f205xx.o [1]
  .text              ro code  0x0803d684      0x4  ucb_stm32f205xx.o [1]
  .text              ro code  0x0803d688      0x4  ucb_stm32f205xx.o [1]
  .text              ro code  0x0803d68c      0x4  ucb_stm32f205xx.o [1]
  .text              ro code  0x0803d690      0x4  ucb_stm32f205xx.o [1]
  .text              ro code  0x0803d694      0x4  ucb_stm32f205xx.o [1]
  .text              ro code  0x0803d698      0x4  ucb_stm32f205xx.o [1]
  .text              ro code  0x0803d69c      0x4  ucb_stm32f205xx.o [1]
  .text              ro code  0x0803d6a0      0x4  ucb_stm32f205xx.o [1]
  .text              ro code  0x0803d6a4      0x4  ucb_stm32f205xx.o [1]
  .text              ro code  0x0803d6a8      0x4  ucb_stm32f205xx.o [1]
  .text              ro code  0x0803d6ac      0x4  ucb_stm32f205xx.o [1]
  .text              ro code  0x0803d6b0      0x4  ucb_stm32f205xx.o [1]
  .text              ro code  0x0803d6b4      0x4  ucb_stm32f205xx.o [1]
  .text              ro code  0x0803d6b8      0x4  ucb_stm32f205xx.o [1]
  .text              ro code  0x0803d6bc      0x4  ucb_stm32f205xx.o [1]
  .text              ro code  0x0803d6c0      0x4  ucb_stm32f205xx.o [1]
  .text              ro code  0x0803d6c4      0x4  ucb_stm32f205xx.o [1]
  .text              ro code  0x0803d6c8      0x4  ucb_stm32f205xx.o [1]
  .text              ro code  0x0803d6cc      0x4  ucb_stm32f205xx.o [1]
  .text              ro code  0x0803d6d0      0x4  ucb_stm32f205xx.o [1]
  .text              ro code  0x0803d6d4      0x4  ucb_stm32f205xx.o [1]
  .text              ro code  0x0803d6d8      0x4  ucb_stm32f205xx.o [1]
  .text              ro code  0x0803d6dc      0x4  ucb_stm32f205xx.o [1]
  .text              ro code  0x0803d6e0      0x4  ucb_stm32f205xx.o [1]
  .text              ro code  0x0803d6e4      0x4  ucb_stm32f205xx.o [1]
  .text              ro code  0x0803d6e8      0x4  ucb_stm32f205xx.o [1]
  .text              ro code  0x0803d6ec      0x4  ucb_stm32f205xx.o [1]
  .text              ro code  0x0803d6f0      0x4  ucb_stm32f205xx.o [1]
  .text              ro code  0x0803d6f4      0x4  ucb_stm32f205xx.o [1]
  .text              ro code  0x0803d6f8      0x4  ucb_stm32f205xx.o [1]
  .text              ro code  0x0803d6fc      0x4  ucb_stm32f205xx.o [1]
  .text              ro code  0x0803d700      0x4  ucb_stm32f205xx.o [1]
  .text              ro code  0x0803d704      0x4  ucb_stm32f205xx.o [1]
  .text              ro code  0x0803d708      0x4  ucb_stm32f205xx.o [1]
  .text              ro code  0x0803d70c      0x4  ucb_stm32f205xx.o [1]
  .text              ro code  0x0803d710      0x4  ucb_stm32f205xx.o [1]
  .text              ro code  0x0803d714      0x4  ucb_stm32f205xx.o [1]
  .text              ro code  0x0803d718      0x4  ucb_stm32f205xx.o [1]
  .text              ro code  0x0803d71c      0x4  ucb_stm32f205xx.o [1]
  .text              ro code  0x0803d720      0x4  ucb_stm32f205xx.o [1]
  .text              ro code  0x0803d724      0x4  ucb_stm32f205xx.o [1]
  .text              ro code  0x0803d728      0x4  ucb_stm32f205xx.o [1]
  .text              ro code  0x0803d72c      0x4  ucb_stm32f205xx.o [1]
  .text              ro code  0x0803d730      0x4  ucb_stm32f205xx.o [1]
  .text              ro code  0x0803d734      0x4  ucb_stm32f205xx.o [1]
  .text              ro code  0x0803d738      0x4  ucb_stm32f205xx.o [1]
  .text              ro code  0x0803d73c      0x4  ucb_stm32f205xx.o [1]
  .text              ro code  0x0803d740      0x4  ucb_stm32f205xx.o [1]
  .text              ro code  0x0803d744      0x4  ucb_stm32f205xx.o [1]
  .text              ro code  0x0803d748      0x4  ucb_stm32f205xx.o [1]
  .text              ro code  0x0803d74c      0x4  ucb_stm32f205xx.o [1]
  .text              ro code  0x0803d750      0x4  ucb_stm32f205xx.o [1]
  .text              ro code  0x0803d754      0x4  ucb_stm32f205xx.o [1]
  .text              ro code  0x0803d758      0x4  ucb_stm32f205xx.o [1]
  .text              ro code  0x0803d75c      0x4  ucb_stm32f205xx.o [1]
  .text              ro code  0x0803d760      0x4  ucb_stm32f205xx.o [1]
  .text              ro code  0x0803d764      0x4  ucb_stm32f205xx.o [1]
  .text              ro code  0x0803d768      0x4  ucb_stm32f205xx.o [1]
  Initializer bytes  ro data  0x0803d76c    0x154  <for P2 s0>
                            - 0x0803d8c0  0x2d73c

"A2":                                        0x98
  .userinfo          const    0x0807fe00     0x34  Boot.o [1]
  .userinfo          const    0x0807fe34     0x14  Boot.o [1]
  .userinfo          const    0x0807fe48     0x14  Boot.o [1]
  .userinfo          const    0x0807fe5c     0x14  Boot.o [1]
  .userinfo          const    0x0807fe70     0x14  Boot.o [1]
  .userinfo          const    0x0807fe84     0x14  Boot.o [1]
                            - 0x0807fe98     0x98

"P1":                                      0x3000
  CSTACK                      0x20000200   0x3000  <Block>
    CSTACK           uninit   0x20000200   0x3000  <Block tail>
                            - 0x20003200   0x3000

"P5":                                      0x36c4
  P5 s1                       0x20003200      0x4  <Init block>
    .data            inited   0x20003200      0x4  stm32uh.o [1]
  .bss               zero     0x20003204   0x2cc8  common.o [1]
  .bss               zero     0x20005ecc    0x200  usb_utils.o [1]
  .bss               zero     0x200060cc    0x1b8  pmgr.o [1]
  .bss               zero     0x20006284    0x150  stm32uh.o [1]
  .bss               zero     0x200063d4    0x114  common.o [1]
  .bss               zero     0x200064e8    0x100  Boot.o [1]
  .bss               zero     0x200065e8    0x100  scsi.o [1]
  .bss               zero     0x200066e8     0xc0  mst.o [1]
  .bss               zero     0x200067a8     0x30  usb_mst.o [1]
  .bss               zero     0x200067d8     0x20  stm32uh.o [1]
  .bss               zero     0x200067f8     0x1c  stm32uh.o [1]
  .bss               zero     0x20006814     0x18  pmgr.o [1]
  .bss               zero     0x2000682c     0x14  pmgr.o [1]
  .bss               zero     0x20006840     0x14  pmgr.o [1]
  .bss               zero     0x20006854      0xc  Mx25L1606E.o [1]
  .bss               zero     0x20006860      0xc  pmgr.o [1]
  .bss               zero     0x2000686c      0x8  scsi.o [1]
  .bss               zero     0x20006874      0x4  Boot.o [1]
  .bss               zero     0x20006878      0x4  common.o [1]
  .bss               zero     0x2000687c      0x4  Mx25L1606E.o [1]
  .bss               zero     0x20006880      0x4  os_nrtos.o [1]
  .bss               zero     0x20006884      0x4  os_nrtos.o [1]
  .bss               zero     0x20006888      0x4  os_nrtos.o [1]
  .bss               zero     0x2000688c      0x4  os_nrtos.o [1]
  .bss               zero     0x20006890      0x4  os_nrtos.o [1]
  .bss               zero     0x20006894      0x4  pmgr.o [1]
  .bss               zero     0x20006898      0x4  stm32uh.o [1]
  .bss               zero     0x2000689c      0x4  stm32uh.o [1]
  .bss               zero     0x200068a0      0x4  stm32uh.o [1]
  .bss               zero     0x200068a4      0x4  stm32uh.o [1]
  .bss               zero     0x200068a8      0x4  stm32uh.o [1]
  .bss               zero     0x200068ac      0x4  stm32uh.o [1]
  .bss               zero     0x200068b0      0x4  stm32uh_hub.o [1]
  .bss               zero     0x200068b4      0x4  stm32uh_hub.o [1]
  .bss               zero     0x200068b8      0x4  stm32uh_hw.o [1]
  .bss               zero     0x200068bc      0x4  usb_mst.o [1]
  .bss               zero     0x200068c0      0x2  Mx25L1606E.o [1]
  .bss               zero     0x200068c2      0x1  Mx25L1606E.o [1]
  .bss               zero     0x200068c3      0x1  stm32uh_hub.o [1]
                            - 0x200068c4   0x36c4

"P2":                                      0x4770
  P2 s0                       0x20008000    0x154  <Init block>
    .data            inited   0x20008000     0xac  UsbFunction.o [1]
    .data            inited   0x200080ac     0x44  Console.o [1]
    .data            inited   0x200080f0     0x2c  wifi_interface.o [1]
    .data            inited   0x2000811c      0xc  Show_Functions.o [1]
    .data            inited   0x20008128      0x8  XShttio.o [3]
    .data            inited   0x20008130      0x4  system_stm32f2xx.o [1]
    .data            inited   0x20008134      0x2  Console.o [1]
    .data            inited   0x20008136      0x2  Digital.o [1]
    .data            inited   0x20008138      0x2  heart.o [1]
    .data            inited   0x2000813a      0x2  heart.o [1]
    .data            inited   0x2000813c      0x2  heart.o [1]
    .data            inited   0x2000813e      0x2  wifi_interface.o [1]
    .data            inited   0x20008140      0x1  Digital.o [1]
    .data            inited   0x20008141      0x1  Digital.o [1]
    .data            inited   0x20008142      0x1  EEPROM_Langauge.o [1]
    .data            inited   0x20008143      0x1  EEPROM_Langauge.o [1]
    .data            inited   0x20008144      0x1  EEPROM_Langauge.o [1]
    .data            inited   0x20008145      0x1  LCB_Support.o [1]
    .data            inited   0x20008146      0x1  main.o [1]
    .data            inited   0x20008147      0x1  main.o [1]
    .data            inited   0x20008148      0x1  RF900.o [1]
    .data            inited   0x20008149      0x1  RF900.o [1]
    .data            inited   0x2000814a      0x1  RF900.o [1]
    .data            inited   0x2000814b      0x1  RF900.o [1]
    .data            inited   0x2000814c      0x1  Show_Functions.o [1]
    .data            inited   0x2000814d      0x1  Show_Functions.o [1]
[...]
by_OutputVolt           0x2000c0c6     0x2  Data  Gb  Digital.o [1]
by_RX                   0x2000c132     0x1  Data  Gb  Digital.o [1]
by_RX_IN                0x2000c122     0x1  Data  Gb  C_safe_v5.o [1]
by_RX_Point             0x2000c128     0x1  Data  Gb  C_safe_v5.o [1]
by_RX_ReturnTime        0x2000c136     0x1  Data  Gb  Digital.o [1]
by_Repeat               0x2000c15b     0x1  Data  Gb  KeyFunction.o [1]
by_Show_End             0x2000c164     0x1  Data  Gb  led.o [1]
by_Status               0x2000c134     0x1  Data  Gb  Digital.o [1]
by_SummaryShow          0x2000c178     0x1  Data  Gb  Show.o [1]
by_TTTest               0x2000c127     0x1  Data  Gb  C_safe_v5.o [1]
by_TVCommandClear       0x2000c0f6     0x2  Data  Gb  TV.o [1]
by_TVDelay              0x2000c0f8     0x2  Data  Gb  TV.o [1]
by_TVDelay1             0x2000c0fa     0x2  Data  Gb  TV.o [1]
by_TVDelay2             0x2000c0fc     0x2  Data  Gb  TV.o [1]
by_TV_RX                0x2000c187     0x1  Data  Gb  TV.o [1]
by_TV_TXByte            0x2000c184     0x1  Data  Gb  TV.o [1]
by_TV_TXEnd             0x2000c186     0x1  Data  Gb  TV.o [1]
by_TV_TXStart           0x2000c185     0x1  Data  Gb  TV.o [1]
by_TX                   0x2000c12e     0x1  Data  Gb  Digital.o [1]
by_TX_Byte              0x2000c131     0x1  Data  Gb  Digital.o [1]
by_TX_ConnectDelay      0x2000c137     0x1  Data  Gb  Digital.o [1]
by_TX_Hold              0x2000c130     0x1  Data  Gb  Digital.o [1]
by_TX_Insert            0x20008140     0x1  Data  Gb  Digital.o [1]
by_TX_Length            0x2000c12a     0x1  Data  Gb  C_safe_v5.o [1]
by_TX_Point             0x2000c129     0x1  Data  Gb  C_safe_v5.o [1]
by_TX_Target            0x2000c12f     0x1  Data  Gb  Digital.o [1]
by_Target               0x2000c152     0x1  Data  Gb  heart.o [1]
by_TargetDelay          0x2000c0d4     0x2  Data  Gb  Digital.o [1]
by_TargetLED            0x2000c163     0x1  Data  Gb  led.o [1]
by_TargetSpeedDelay     0x20008136     0x2  Data  Gb  Digital.o [1]
by_Target_HR            0x2000c153     0x1  Data  Gb  heart.o [1]
by_WFI_Show             0x2000c16a     0x1  Data  Gb  main.o [1]
by_WorkoutDFNewProgram  0x2000c169     0x1  Data  Gb  main.o [1]
by_xMs_Timer_wifi       0x2000c76c     0x2  Data  Lc  wifi_Digital.o [1]
c_uht                   0x200067f8    0x1c  Data  Lc  stm32uh.o [1]
cd_dsc                  0x2000682c    0x14  Data  Lc  pmgr.o [1]
ch_ed                   0x20006898     0x4  Data  Lc  stm32uh.o [1]
clear_stall             0x08008625    0x7e  Code  Gb  usb_utils.o [1]
cmd503_response_state   0x2000c76f     0x1  Data  Gb  wifi_Digital.o [1]
com_i                   0x2000c123     0x1  Data  Gb  C_safe_v5.o [1]
connected               0x200068b4     0x4  Data  Lc  stm32uh_hub.o [1]
daddr2port_dsc          0x20006840    0x14  Data  Lc  pmgr.o [1]
dataTransactionId       0x2000c118     0x2  Data  Lc  wifi_interface.o [1]
dbuf                    0x20005ecc   0x200  Data  Lc  usb_utils.o [1]
delay_get_status        0x2000c76e     0x1  Data  Gb  wifi_Digital.o [1]
div                     0x0803879d     0xe  Code  Gb  div.o [3]
eSTOP_Time              0x2000c0b8     0x2  Data  Gb  Digital.o [1]
ed                      0x20006284   0x150  Data  Lc  stm32uh.o [1]
event                   0x20006880     0x4  Data  Gb  os_nrtos.o [1]
event_used              0x20006884     0x4  Data  Gb  os_nrtos.o [1]
exit                    0x080002b7     0x4  Code  Gb  exit.o [3]
f_enterFS               0x08005f43    0xae  Code  Gb  common.o [1]
f_filesystem            0x20003204  0x2cc8  Data  Gb  common.o [1]
f_getcurrenttimedate    0x080061e5   0x116  Code  Gb  port_f.o [1]
f_mutex_create          0x080062fb     0xa  Code  Gb  port_f.o [1]
f_mutex_get             0x08006305    0x14  Code  Gb  port_f.o [1]
f_mutex_put             0x08006319     0xa  Code  Gb  port_f.o [1]
fat_gmutex              0x20006878     0x4  Data  Gb  common.o [1]
fill_setup_packet       0x080085e5    0x40  Code  Gb  usb_utils.o [1]
flag_502_t              0x2000c18e     0x1  Data  Gb  wifi_Digital.o [1]
fm_chdrive              0x08009f79    0x26  Code  Gb  fat_m.o [1]
fm_checkvolume          0x08009f53    0x26  Code  Gb  fat_m.o [1]
fm_close                0x0800a04d    0x26  Code  Gb  fat_m.o [1]
fm_delete               0x0800a139    0x28  Code  Gb  fat_m.o [1]
fm_findfirst            0x08009ffb    0x2c  Code  Gb  fat_m.o [1]
fm_findnext             0x0800a027    0x26  Code  Gb  fat_m.o [1]
fm_getdrive             0x08009f9f    0x36  Code  Gb  fat_m.o [1]
fm_initvolume           0x08009f25    0x2e  Code  Gb  fat_m.o [1]
fm_mkdir                0x08009fd5    0x26  Code  Gb  fat_m.o [1]
fm_open                 0x0800a073    0x2c  Code  Gb  fat_m.o [1]
fm_read                 0x0800a09f    0x36  Code  Gb  fat_m.o [1]
fm_seek                 0x0800a10b    0x2e  Code  Gb  fat_m.o [1]
fm_write                0x0800a0d5    0x36  Code  Gb  fat_m.o [1]
fnGetTask               0x08005ff1    0x4e  Code  Gb  common.o [1]
fn_chdrive              0x08004887    0x42  Code  Gb  common.o [1]
fn_checkvolume          0x080045c7    0x1a  Code  Gb  common.o [1]
fn_close                0x0800568d   0x114  Code  Gb  common.o [1]
fn_createdriver         0x08004427    0x8c  Code  Gb  common.o [1]
fn_delete               0x080032f5    0x22  Code  Gb  fat_lfn.o [1]
fn_findfirst            0x080018d9    0xbc  Code  Gb  fat_lfn.o [1]
fn_findnext             0x08001a1b    0xb6  Code  Gb  fat_lfn.o [1]
fn_getdrive             0x08004877    0x10  Code  Gb  common.o [1]
fn_gettaskID            0x08006323     0x4  Code  Gb  port_f.o [1]
fn_init                 0x080034a1    0x44  Code  Gb  common.o [1]
fn_initvolume           0x080044b3    0x98  Code  Gb  common.o [1]
fn_initvolumepartition  0x0800454b    0x7c  Code  Gb  common.o [1]
fn_mkdir                0x080027fd    0x1c  Code  Gb  fat_lfn.o [1]
fn_open                 0x08002b35    0x2a  Code  Gb  fat_lfn.o [1]
fn_read                 0x080057a9   0x2c2  Code  Gb  common.o [1]
fn_seek                 0x08005de7   0x15c  Code  Gb  common.o [1]
fn_setlasterror         0x0800615d     0xa  Code  Gb  common.o [1]
fn_setlasterror_noret   0x08006167     0x6  Code  Gb  common.o [1]
fn_wdelete              0x08003317   0x18a  Code  Gb  fat_lfn.o [1]
fn_wfindfirst           0x08001995    0x86  Code  Gb  fat_lfn.o [1]
fn_wfindnext            0x08001ad1    0xf4  Code  Gb  fat_lfn.o [1]
fn_wgetdcwd             0x08001815    0xbc  Code  Gb  fat_lfn.o [1]
fn_wmkdir               0x08002819   0x30a  Code  Gb  fat_lfn.o [1]
fn_wopen                0x08002b5f   0x796  Code  Gb  fat_lfn.o [1]
fn_write                0x08005ab5   0x332  Code  Gb  common.o [1]
g_multi                 0x200063d4   0x114  Data  Gb  common.o [1]
getRemoteUpdate_Clear   0x08027215     0xe  Code  Gb  wifi_Digital.o [1]
getRemoteUpdate_DownloadFinish
                        0x0802720f     0x6  Code  Gb  wifi_Digital.o [1]
getRemoteUpdate_ReadyToDownload
                        0x08027209     0x6  Code  Gb  wifi_Digital.o [1]
get_cfg_desc            0x08008749    0x72  Code  Gb  usb_utils.o [1]
get_cfg_info            0x080088e7    0x20  Code  Gb  usb_utils.o [1]
get_dev_info            0x080086a3    0xa6  Code  Gb  usb_utils.o [1]
get_ep0_max_packet_size
                        0x0800885b    0x5a  Code  Gb  usb_utils.o [1]
get_ep_info             0x0800892b    0x18  Code  Gb  usb_utils.o [1]
get_ifc_info            0x0800890d    0x1e  Code  Gb  usb_utils.o [1]
get_next_descriptor     0x080088b5    0x32  Code  Gb  usb_utils.o [1]
hard_fault_handler_c    0x0803922b    0xa2  Code  Gb  stm32f2xx_it.o [1]
htim3                   0x2000bb44    0x40  Data  Gb  PingDefine.o [1]
htim4                   0x2000bb84    0x40  Data  Gb  PingDefine.o [1]
huart2                  0x2000bbc4    0x40  Data  Gb  UART.o [1]
huart3                  0x2000bc04    0x40  Data  Gb  UART.o [1]
huart4                  0x2000bc44    0x40  Data  Gb  UART.o [1]
huart5                  0x2000bc84    0x40  Data  Gb  UART.o [1]
huart6                  0x2000bcc4    0x40  Data  Gb  UART.o [1]
hub_dsc                 0x20006814    0x18  Data  Lc  pmgr.o [1]
hub_handler             0x200068b0     0x4  Data  Lc  stm32uh_hub.o [1]
hub_scan_inf            0x20006860     0xc  Data  Lc  pmgr.o [1]
i2cAck                  0x08036953    0x40  Code  Lc  i2c_key.o [1]
i2cDelay                0x08036899    0x18  Code  Lc  i2c_key.o [1]
i2cInit                 0x08036af1    0x40  Code  Gb  i2c_key.o [1]
i2cNoAck                0x08036993    0x40  Code  Lc  i2c_key.o [1]
i2cReadBytes            0x08036be3    0x92  Code  Gb  i2c_key.o [1]
i2cReceiveByte          0x08036a99    0x58  Code  Lc  i2c_key.o [1]
i2cSendByte             0x08036a35    0x64  Code  Lc  i2c_key.o [1]
i2cStart                0x080368b1    0x62  Code  Lc  i2c_key.o [1]
i2cStop                 0x08036913    0x40  Code  Lc  i2c_key.o [1]
i2cWaitAck              0x080369d3    0x62  Code  Lc  i2c_key.o [1]
i2cWriteBytes           0x08036b39    0xaa  Code  Gb  i2c_key.o [1]
init                    0x2000c1a5     0x1  Data  Lc  wifi_interface.o [1]
isonlydotordoubledots   0x0800169d    0x2e  Code  Gb  fat_lfn.o [1]
isonlydotsandspaces     0x0800167d    0x20  Code  Gb  fat_lfn.o [1]
isr_handler             0x20006890     0x4  Data  Lc  os_nrtos.o [1]
j                       0x2000c124     0x1  Data  Gb  C_safe_v5.o [1]
lcb                     0x2000c03c     0x4  Data  Lc  LCB_Support.o [1]
lunid                   0x2000686c     0x8  Data  Lc  scsi.o [1]
machineConfig           0x2000c070     0x4  Data  Gb  WiFi_Information.o [1]
main                    0x0800956b    0x2a  Code  Gb  Boot.o [1]
main_RSCUcheck          0x08017219   0x1ca  Code  Gb  main.o [1]
memchr                  0x08038595          Code  Gb  memchr.o [5]
mst_cd_ep_dsc           0x0800b850     0x4  Data  Lc  usb_mst.o [1]
mst_check               0x0800a211    0x5c  Code  Lc  usb_mst.o [1]
mst_connect             0x0800a26d    0x62  Code  Lc  usb_mst.o [1]
mst_disconnect          0x0800a2cf    0x1e  Code  Lc  usb_mst.o [1]
mst_driver              0x200066e8    0xc0  Data  Lc  mst.o [1]
mst_getphy              0x0800b3d5    0x24  Code  Lc  mst.o [1]
mst_getstatus           0x0800b3fb    0x2e  Code  Lc  mst.o [1]
mst_info                0x200067a8    0x30  Data  Gb  usb_mst.o [1]
mst_initfunc            0x0800b429    0x48  Code  Gb  mst.o [1]
mst_readmultiplesector  0x0800b329    0x2e  Code  Lc  mst.o [1]
mst_readsector          0x0800b357    0x28  Code  Lc  mst.o [1]
mst_release             0x0800b3f9     0x2  Code  Lc  mst.o [1]
mst_writemultiplesector
                        0x0800b37f    0x2e  Code  Lc  mst.o [1]
mst_writesector         0x0800b3ad    0x28  Code  Lc  mst.o [1]
mutex                   0x20006888     0x4  Data  Gb  os_nrtos.o [1]
mutex_used              0x2000688c     0x4  Data  Gb  os_nrtos.o [1]
np_pending_ed_cnt       0x2000689c     0x4  Data  Lc  stm32uh.o [1]
os_delay                0x08007aa1    0x2e  Code  Gb  os_nrtos.o [1]
os_event_create         0x08007a1b    0x42  Code  Gb  os_nrtos.o [1]
os_event_get            0x08007a5d    0x22  Code  Gb  os_nrtos.o [1]
os_event_set            0x08007a7f     0xa  Code  Gb  os_nrtos.o [1]
os_event_set_int        0x08007a89    0x18  Code  Gb  os_nrtos.o [1]
os_idle                 0x08007987     0xa  Code  Gb  os_nrtos.o [1]
os_init                 0x08007acf    0x48  Code  Gb  os_nrtos.o [1]
os_isr_enable           0x080079a5    0x10  Code  Gb  os_nrtos.o [1]
os_isr_init             0x08007991    0x14  Code  Gb  os_nrtos.o [1]
os_mutex_create         0x080079b5    0x30  Code  Gb  os_nrtos.o [1]
os_mutex_get            0x080079e5    0x22  Code  Gb  os_nrtos.o [1]
os_mutex_put            0x08007a07    0x14  Code  Gb  os_nrtos.o [1]
pending_ed              0x200067d8    0x20  Data  Lc  stm32uh.o [1]
pmgr_add_cd             0x0800842d    0x5c  Code  Gb  pmgr.o [1]
pmgr_add_hub            0x08008489    0x90  Code  Gb  pmgr.o [1]
pmgr_event_bit          0x20006894     0x4  Data  Gb  pmgr.o [1]
pmgr_get_dev_state      0x080083fb    0x32  Code  Gb  pmgr.o [1]
pmgr_init               0x08008519    0xaa  Code  Gb  pmgr.o [1]
pmgr_pcd_task           0x080080a1   0x35a  Code  Gb  pmgr.o [1]
pmgr_start              0x080085c3     0x4  Code  Gb  pmgr.o [1]
port_dsc                0x200060cc   0x1b8  Data  Lc  pmgr.o [1]
postCommand             0x2000b3cc   0x104  Data  Lc  wifi_interface.o [1]
pre_http_command        0x2000c19b     0x1  Data  Lc  wifi_interface.o [1]
printf                  0x08039555    0x24  Code  Gb  printf.o [3]
programT                0x2000c11a     0x2  Data  Lc  wifi_interface.o [1]
putchar                 0x0803b591    0x28  Code  Gb  putchar.o [3]
remoteUpdateSoftwareType
                        0x20008151     0x1  Data  Gb  wifi_interface.o [1]
rfiddata                0x2000bef8    0x14  Data  Lc  wifi_interface.o [1]
sched_int_state         0x200068a0     0x4  Data  Lc  stm32uh.o [1]
scsi_close_device       0x0800a8d1    0x54  Code  Gb  scsi.o [1]
scsi_cmd_inquiry        0x0800a925    0xe0  Code  Lc  scsi.o [1]
scsi_cmd_read           0x0800ad1b   0x174  Code  Gb  scsi.o [1]
scsi_cmd_read_capacity  0x0800aa05   0x112  Code  Lc  scsi.o [1]
scsi_cmd_request_sense  0x0800aba3   0x178  Code  Lc  scsi.o [1]
scsi_cmd_test_unit_ready
                        0x0800ab17    0x8c  Code  Lc  scsi.o [1]
scsi_cmd_write          0x0800ae8f   0x170  Code  Gb  scsi.o [1]
scsi_dsc                0x200065e8   0x100  Data  Lc  scsi.o [1]
scsi_get_lun_info       0x0800b127    0x52  Code  Gb  scsi.o [1]
scsi_get_unit_state     0x0800afff   0x128  Code  Gb  scsi.o [1]
scsi_init               0x0800a799    0x32  Code  Gb  scsi.o [1]
scsi_open_device        0x0800a7cb   0x106  Code  Gb  scsi.o [1]
send_ready              0x2000c192     0x1  Data  Gb  wifi_Digital.o [1]
set_address             0x0800880b    0x50  Code  Gb  usb_utils.o [1]
set_config              0x080087bb    0x50  Code  Gb  usb_utils.o [1]
softwaretype            0x200080f0    0x2c  Data  Gb  wifi_interface.o [1]
sprintf                 0x08036471    0x34  Code  Gb  sprintf.o [3]
stm32uh_add_ep          0x08006ded   0x182  Code  Gb  stm32uh.o [1]
stm32uh_clear_toggle    0x0800704f    0x40  Code  Gb  stm32uh.o [1]
stm32uh_del_daddr       0x08006f6f    0xe0  Code  Gb  stm32uh.o [1]
stm32uh_delay           0x0800748d    0x46  Code  Gb  stm32uh.o [1]
stm32uh_event_bit       0x200068a8     0x4  Data  Lc  stm32uh.o [1]
stm32uh_get_ep_inf      0x08007525    0x64  Code  Gb  stm32uh.o [1]
stm32uh_hub_connected   0x08007927    0x14  Code  Gb  stm32uh_hub.o [1]
stm32uh_hub_init        0x080078d9    0x3e  Code  Gb  stm32uh_hub.o [1]
stm32uh_hub_isr         0x0800772d    0x18  Code  Gb  stm32uh_hub.o [1]
stm32uh_hub_port_disable
                        0x0800782d    0x12  Code  Lc  stm32uh_hub.o [1]
stm32uh_hub_port_reset  0x08007745    0xe8  Code  Lc  stm32uh_hub.o [1]
stm32uh_hub_resume      0x08007851    0x30  Code  Lc  stm32uh_hub.o [1]
stm32uh_hub_scan        0x08007881    0x58  Code  Lc  stm32uh_hub.o [1]
stm32uh_hub_start       0x08007917    0x10  Code  Gb  stm32uh_hub.o [1]
stm32uh_hub_suspend     0x0800783f    0x12  Code  Lc  stm32uh_hub.o [1]
stm32uh_hw_init         0x08007b49   0x102  Code  Gb  stm32uh_hw.o [1]
stm32uh_hw_start        0x08007c4b    0x16  Code  Gb  stm32uh_hw.o [1]
stm32uh_hw_state        0x08007c61     0x6  Code  Gb  stm32uh_hw.o [1]
stm32uh_init            0x08007589    0x3e  Code  Gb  stm32uh.o [1]
stm32uh_isr_handler     0x080068ef   0x4fe  Code  Gb  stm32uh.o [1]
stm32uh_mutex           0x200068a4     0x4  Data  Lc  stm32uh.o [1]
stm32uh_set_ep0_speed_hub
                        0x080074d9    0x46  Code  Gb  stm32uh.o [1]
stm32uh_start           0x080075dd   0x10c  Code  Gb  stm32uh.o [1]
stm32uh_transfer        0x08007285   0x208  Code  Gb  stm32uh.o [1]
stm32uh_transfer_status
                        0x08007239    0x4c  Code  Gb  stm32uh.o [1]
stm32uh_transfer_task   0x080071b3    0x68  Code  Gb  stm32uh.o [1]
strchr                  0x0800b189          Code  Gb  strchr.o [5]
strcpy_s                0x08026ac9    0x2a  Code  Gb  wifi_Digital.o [1]
strlen                  0x0800f799          Code  Gb  strlen.o [5]
strncmp                 0x08033469    0x2a  Code  Gb  strncmp.o [3]
strstr                  0x0800f7cf    0x10  Code  Gb  Boot.o [1]
tcpDataBuffer           0x20008154   0xcb8  Data  Gb  wifi_interface.o [1]
tcpDataBufferIndex      0x2000bfec     0x8  Data  Gb  wifi_interface.o [1]
transactionId           0x2000c116     0x2  Data  Lc  wifi_interface.o [1]
ucb_main                0x08010351   0x6b8  Code  Gb  main.o [1]
usb_clear_stall_rd      0x0800a327    0x1c  Code  Lc  usb_mst.o [1]
usb_clear_stall_wr      0x0800a343    0x1c  Code  Lc  usb_mst.o [1]
usb_mst_getnlun         0x0800a35f    0x4a  Code  Gb  usb_mst.o [1]
usb_mst_init            0x0800a3a9    0x3c  Code  Gb  usb_mst.o [1]
usb_mst_reset           0x0800a2ed    0x3a  Code  Lc  usb_mst.o [1]
usb_mst_soft_reset_recovery
                        0x0800a3e5    0x32  Code  Lc  usb_mst.o [1]
usb_mst_state           0x0800a419    0x18  Code  Gb  usb_mst.o [1]
usb_mst_transfer        0x0800a431   0x318  Code  Gb  usb_mst.o [1]
usbfile                 0x2000c010     0x4  Data  Gb  EEPROM_Langauge.o [1]
usbfind                 0x2000a66c   0x2f4  Data  Gb  EEPROM_Langauge.o [1]
usbh_init               0x08008b11    0x22  Code  Gb  usb_host.o [1]
usbh_receive_b          0x08008a85    0x46  Code  Gb  usb_host.o [1]
usbh_receive_control_b  0x08008943    0xa4  Code  Gb  usb_host.o [1]
usbh_send_b             0x08008acb    0x46  Code  Gb  usb_host.o [1]
usbh_send_control_b     0x080089e7    0x9e  Code  Gb  usb_host.o [1]
usbh_start              0x08008b33    0x24  Code  Gb  usb_host.o [1]
userFlashConfig         0x2000c074     0x4  Data  Gb  WiFi_Information.o [1]
uwTick                  0x2000c05c     0x4  Data  Gb  stm32f2xx_hal.o [1]
wData_Buffer            0x200068c0     0x2  Data  Gb  Mx25L1606E.o [1]
wLed_Buffer             0x20006854     0xc  Data  Gb  Mx25L1606E.o [1]
w_Beep_OFF              0x2000c0a6     0x2  Data  Gb  Beep.o [1]
w_Beep_ON               0x2000c0a4     0x2  Data  Gb  Beep.o [1]
w_Heart_Data            0x2000813a     0x2  Data  Gb  heart.o [1]
w_Heart_Data1           0x2000813c     0x2  Data  Gb  heart.o [1]
w_Polar_Counter         0x20008138     0x2  Data  Gb  heart.o [1]
wifiMachineConfig       0x2000a960   0x2a0  Data  Gb  WiFi_Information.o [1]
wifiPoweronFinish       0x2000c18f     0x1  Data  Lc  wifi_Digital.o [1]
wifiResponse            0x20008e0c   0x440  Data  Lc  wifi_interface.o [1]
wifiUser                0x2000ba08    0x6c  Data  Gb  WiFi_Information.o [1]
wifi_Digital_UartTxRx_Information
                        0x0802692d    0x54  Code  Gb  wifi_Digital.o [1]
wifi_ResetInit          0x0802fb4b    0x28  Code  Gb  wifi_interface.o [1]
wifi_next_response_index
                        0x2000c112     0x2  Data  Lc  wifi_interface.o [1]
wifi_num_pending_responses
                        0x2000c19e     0x1  Data  Lc  wifi_interface.o [1]
wifi_response_index     0x2000c110     0x2  Data  Lc  wifi_interface.o [1]
wifi_response_state     0x2000ba74    0x50  Data  Lc  wifi_interface.o [1]
wifi_response_substate  0x2000c07c     0x4  Data  Lc  wifi_interface.o [1]
wifi_settings           0x2000c1a8   0x3c0  Data  Gb  wifi_Digital.o [1]
wkDataComplete          0x2000adf4   0x194  Data  Gb  wifi_interface.o [1]
workoutTrackingDataCount
                        0x2000c19f     0x1  Data  Lc  wifi_interface.o [1]
workoutTrackingDataRate
                        0x2000813e     0x2  Data  Lc  wifi_interface.o [1]


[1] = E:\Johnson Project\Vulcan\Software\Vulcan\Debug\Obj
[2] = command line
[3] = dl7M_tln.a
[4] = m7M_tl.a
[5] = rt7M_tl.a
[6] = shb_l.a

  212 888 bytes of readonly  code memory
   20 642 bytes of readonly  data memory
   44 595 bytes of readwrite data memory

Errors: none
Warnings: none
